Archive member included to satisfy reference by file (symbol)

/home/mdk/Ac6/SystemWorkbench/plugins/fr.ac6.mcu.externaltools.arm-none.linux64_1.15.0.201708311556/tools/compiler/bin/../lib/gcc/arm-none-eabi/6.3.1/thumb/v7e-m/fpv4-sp/hard/libgcc.a(_aeabi_uldivmod.o)
                              Drivers/STM32F4xx_HAL_Driver/Src/stm32f4xx_hal_rcc.o (__aeabi_uldivmod)
/home/mdk/Ac6/SystemWorkbench/plugins/fr.ac6.mcu.externaltools.arm-none.linux64_1.15.0.201708311556/tools/compiler/bin/../lib/gcc/arm-none-eabi/6.3.1/thumb/v7e-m/fpv4-sp/hard/libgcc.a(_udivmoddi4.o)
                              /home/mdk/Ac6/SystemWorkbench/plugins/fr.ac6.mcu.externaltools.arm-none.linux64_1.15.0.201708311556/tools/compiler/bin/../lib/gcc/arm-none-eabi/6.3.1/thumb/v7e-m/fpv4-sp/hard/libgcc.a(_aeabi_uldivmod.o) (__udivmoddi4)
/home/mdk/Ac6/SystemWorkbench/plugins/fr.ac6.mcu.externaltools.arm-none.linux64_1.15.0.201708311556/tools/compiler/bin/../lib/gcc/arm-none-eabi/6.3.1/thumb/v7e-m/fpv4-sp/hard/libgcc.a(_dvmd_tls.o)
                              /home/mdk/Ac6/SystemWorkbench/plugins/fr.ac6.mcu.externaltools.arm-none.linux64_1.15.0.201708311556/tools/compiler/bin/../lib/gcc/arm-none-eabi/6.3.1/thumb/v7e-m/fpv4-sp/hard/libgcc.a(_aeabi_uldivmod.o) (__aeabi_ldiv0)
/home/mdk/Ac6/SystemWorkbench/plugins/fr.ac6.mcu.externaltools.arm-none.linux64_1.15.0.201708311556/tools/compiler/bin/../lib/gcc/arm-none-eabi/6.3.1/../../../../arm-none-eabi/lib/thumb/v7e-m/fpv4-sp/hard/libc_nano.a(lib_a-exit.o)
                              /home/mdk/Ac6/SystemWorkbench/plugins/fr.ac6.mcu.externaltools.arm-none.linux64_1.15.0.201708311556/tools/compiler/bin/../lib/gcc/arm-none-eabi/6.3.1/../../../../arm-none-eabi/lib/thumb/v7e-m/fpv4-sp/hard/crt0.o (exit)
/home/mdk/Ac6/SystemWorkbench/plugins/fr.ac6.mcu.externaltools.arm-none.linux64_1.15.0.201708311556/tools/compiler/bin/../lib/gcc/arm-none-eabi/6.3.1/../../../../arm-none-eabi/lib/thumb/v7e-m/fpv4-sp/hard/libc_nano.a(lib_a-impure.o)
                              /home/mdk/Ac6/SystemWorkbench/plugins/fr.ac6.mcu.externaltools.arm-none.linux64_1.15.0.201708311556/tools/compiler/bin/../lib/gcc/arm-none-eabi/6.3.1/../../../../arm-none-eabi/lib/thumb/v7e-m/fpv4-sp/hard/libc_nano.a(lib_a-exit.o) (_global_impure_ptr)
/home/mdk/Ac6/SystemWorkbench/plugins/fr.ac6.mcu.externaltools.arm-none.linux64_1.15.0.201708311556/tools/compiler/bin/../lib/gcc/arm-none-eabi/6.3.1/../../../../arm-none-eabi/lib/thumb/v7e-m/fpv4-sp/hard/libc_nano.a(lib_a-init.o)
                              /home/mdk/Ac6/SystemWorkbench/plugins/fr.ac6.mcu.externaltools.arm-none.linux64_1.15.0.201708311556/tools/compiler/bin/../lib/gcc/arm-none-eabi/6.3.1/../../../../arm-none-eabi/lib/thumb/v7e-m/fpv4-sp/hard/crt0.o (__libc_init_array)
/home/mdk/Ac6/SystemWorkbench/plugins/fr.ac6.mcu.externaltools.arm-none.linux64_1.15.0.201708311556/tools/compiler/bin/../lib/gcc/arm-none-eabi/6.3.1/../../../../arm-none-eabi/lib/thumb/v7e-m/fpv4-sp/hard/libc_nano.a(lib_a-malloc.o)
                              Middlewares/ST/STM32_USB_Device_Library/Class/CDC/Src/usbd_cdc.o (malloc)
/home/mdk/Ac6/SystemWorkbench/plugins/fr.ac6.mcu.externaltools.arm-none.linux64_1.15.0.201708311556/tools/compiler/bin/../lib/gcc/arm-none-eabi/6.3.1/../../../../arm-none-eabi/lib/thumb/v7e-m/fpv4-sp/hard/libc_nano.a(lib_a-memset.o)
                              /home/mdk/Ac6/SystemWorkbench/plugins/fr.ac6.mcu.externaltools.arm-none.linux64_1.15.0.201708311556/tools/compiler/bin/../lib/gcc/arm-none-eabi/6.3.1/../../../../arm-none-eabi/lib/thumb/v7e-m/fpv4-sp/hard/crt0.o (memset)
/home/mdk/Ac6/SystemWorkbench/plugins/fr.ac6.mcu.externaltools.arm-none.linux64_1.15.0.201708311556/tools/compiler/bin/../lib/gcc/arm-none-eabi/6.3.1/../../../../arm-none-eabi/lib/thumb/v7e-m/fpv4-sp/hard/libc_nano.a(lib_a-nano-freer.o)
                              /home/mdk/Ac6/SystemWorkbench/plugins/fr.ac6.mcu.externaltools.arm-none.linux64_1.15.0.201708311556/tools/compiler/bin/../lib/gcc/arm-none-eabi/6.3.1/../../../../arm-none-eabi/lib/thumb/v7e-m/fpv4-sp/hard/libc_nano.a(lib_a-malloc.o) (_free_r)
/home/mdk/Ac6/SystemWorkbench/plugins/fr.ac6.mcu.externaltools.arm-none.linux64_1.15.0.201708311556/tools/compiler/bin/../lib/gcc/arm-none-eabi/6.3.1/../../../../arm-none-eabi/lib/thumb/v7e-m/fpv4-sp/hard/libc_nano.a(lib_a-nano-mallocr.o)
                              /home/mdk/Ac6/SystemWorkbench/plugins/fr.ac6.mcu.externaltools.arm-none.linux64_1.15.0.201708311556/tools/compiler/bin/../lib/gcc/arm-none-eabi/6.3.1/../../../../arm-none-eabi/lib/thumb/v7e-m/fpv4-sp/hard/libc_nano.a(lib_a-malloc.o) (_malloc_r)
/home/mdk/Ac6/SystemWorkbench/plugins/fr.ac6.mcu.externaltools.arm-none.linux64_1.15.0.201708311556/tools/compiler/bin/../lib/gcc/arm-none-eabi/6.3.1/../../../../arm-none-eabi/lib/thumb/v7e-m/fpv4-sp/hard/libc_nano.a(lib_a-sbrkr.o)
[...]
Memory Configuration

Name             Origin             Length             Attributes
RAM              0x0000000020000000 0x0000000000018000 xrw
FLASH            0x0000000008000000 0x0000000000080000 xr
*default*        0x0000000000000000 0xffffffffffffffff

Linker script and memory map

LOAD /home/mdk/Ac6/SystemWorkbench/plugins/fr.ac6.mcu.externaltools.arm-none.linux64_1.15.0.201708311556/tools/compiler/bin/../lib/gcc/arm-none-eabi/6.3.1/thumb/v7e-m/fpv4-sp/hard/crti.o
LOAD /home/mdk/Ac6/SystemWorkbench/plugins/fr.ac6.mcu.externaltools.arm-none.linux64_1.15.0.201708311556/tools/compiler/bin/../lib/gcc/arm-none-eabi/6.3.1/thumb/v7e-m/fpv4-sp/hard/crtbegin.o
LOAD /home/mdk/Ac6/SystemWorkbench/plugins/fr.ac6.mcu.externaltools.arm-none.linux64_1.15.0.201708311556/tools/compiler/bin/../lib/gcc/arm-none-eabi/6.3.1/../../../../arm-none-eabi/lib/thumb/v7e-m/fpv4-sp/hard/crt0.o
LOAD Drivers/STM32F4xx_HAL_Driver/Src/stm32f4xx_hal.o
LOAD Drivers/STM32F4xx_HAL_Driver/Src/stm32f4xx_hal_cortex.o
LOAD Drivers/STM32F4xx_HAL_Driver/Src/stm32f4xx_hal_dma.o
LOAD Drivers/STM32F4xx_HAL_Driver/Src/stm32f4xx_hal_dma_ex.o
LOAD Drivers/STM32F4xx_HAL_Driver/Src/stm32f4xx_hal_flash.o
LOAD Drivers/STM32F4xx_HAL_Driver/Src/stm32f4xx_hal_flash_ex.o
LOAD Drivers/STM32F4xx_HAL_Driver/Src/stm32f4xx_hal_flash_ramfunc.o
LOAD Drivers/STM32F4xx_HAL_Driver/Src/stm32f4xx_hal_gpio.o
LOAD Drivers/STM32F4xx_HAL_Driver/Src/stm32f4xx_hal_pcd.o
LOAD Drivers/STM32F4xx_HAL_Driver/Src/stm32f4xx_hal_pcd_ex.o
LOAD Drivers/STM32F4xx_HAL_Driver/Src/stm32f4xx_hal_pwr.o
LOAD Drivers/STM32F4xx_HAL_Driver/Src/stm32f4xx_hal_pwr_ex.o
LOAD Drivers/STM32F4xx_HAL_Driver/Src/stm32f4xx_hal_rcc.o
LOAD Drivers/STM32F4xx_HAL_Driver/Src/stm32f4xx_hal_rcc_ex.o
LOAD Drivers/STM32F4xx_HAL_Driver/Src/stm32f4xx_hal_tim.o
LOAD Drivers/STM32F4xx_HAL_Driver/Src/stm32f4xx_hal_tim_ex.o
LOAD Drivers/STM32F4xx_HAL_Driver/Src/stm32f4xx_hal_uart.o
LOAD Drivers/STM32F4xx_HAL_Driver/Src/stm32f4xx_ll_usb.o
LOAD Middlewares/ST/STM32_USB_Device_Library/Class/CDC/Src/usbd_cdc.o
LOAD Middlewares/ST/STM32_USB_Device_Library/Core/Src/usbd_core.o
LOAD Middlewares/ST/STM32_USB_Device_Library/Core/Src/usbd_ctlreq.o
LOAD Middlewares/ST/STM32_USB_Device_Library/Core/Src/usbd_ioreq.o
LOAD Src/gpio.o
LOAD Src/main.o
LOAD Src/stm32f4xx_hal_msp.o
LOAD Src/stm32f4xx_it.o
LOAD Src/system_stm32f4xx.o
LOAD Src/tim.o
LOAD Src/usart.o
LOAD Src/usb_device.o
LOAD Src/usbd_cdc_if.o
LOAD Src/usbd_conf.o
LOAD Src/usbd_desc.o
LOAD startup/startup_stm32f401xe.o
LOAD /home/mdk/Ac6/SystemWorkbench/plugins/fr.ac6.mcu.externaltools.arm-none.linux64_1.15.0.201708311556/tools/compiler/bin/../lib/gcc/arm-none-eabi/6.3.1/../../../../arm-none-eabi/lib/thumb/v7e-m/fpv4-sp/hard/libm.a
START GROUP
LOAD /home/mdk/Ac6/SystemWorkbench/plugins/fr.ac6.mcu.externaltools.arm-none.linux64_1.15.0.201708311556/tools/compiler/bin/../lib/gcc/arm-none-eabi/6.3.1/thumb/v7e-m/fpv4-sp/hard/libgcc.a
LOAD /home/mdk/Ac6/SystemWorkbench/plugins/fr.ac6.mcu.externaltools.arm-none.linux64_1.15.0.201708311556/tools/compiler/bin/../lib/gcc/arm-none-eabi/6.3.1/../../../../arm-none-eabi/lib/thumb/v7e-m/fpv4-sp/hard/libc_nano.a
END GROUP
START GROUP
LOAD /home/mdk/Ac6/SystemWorkbench/plugins/fr.ac6.mcu.externaltools.arm-none.linux64_1.15.0.201708311556/tools/compiler/bin/../lib/gcc/arm-none-eabi/6.3.1/thumb/v7e-m/fpv4-sp/hard/libgcc.a
LOAD /home/mdk/Ac6/SystemWorkbench/plugins/fr.ac6.mcu.externaltools.arm-none.linux64_1.15.0.201708311556/tools/compiler/bin/../lib/gcc/arm-none-eabi/6.3.1/../../../../arm-none-eabi/lib/thumb/v7e-m/fpv4-sp/hard/libc_nano.a
LOAD /home/mdk/Ac6/SystemWorkbench/plugins/fr.ac6.mcu.externaltools.arm-none.linux64_1.15.0.201708311556/tools/compiler/bin/../lib/gcc/arm-none-eabi/6.3.1/../../../../arm-none-eabi/lib/thumb/v7e-m/fpv4-sp/hard/libnosys.a
END GROUP
START GROUP
LOAD /home/mdk/Ac6/SystemWorkbench/plugins/fr.ac6.mcu.externaltools.arm-none.linux64_1.15.0.201708311556/tools/compiler/bin/../lib/gcc/arm-none-eabi/6.3.1/thumb/v7e-m/fpv4-sp/hard/libgcc.a
LOAD /home/mdk/Ac6/SystemWorkbench/plugins/fr.ac6.mcu.externaltools.arm-none.linux64_1.15.0.201708311556/tools/compiler/bin/../lib/gcc/arm-none-eabi/6.3.1/../../../../arm-none-eabi/lib/thumb/v7e-m/fpv4-sp/hard/libc_nano.a
LOAD /home/mdk/Ac6/SystemWorkbench/plugins/fr.ac6.mcu.externaltools.arm-none.linux64_1.15.0.201708311556/tools/compiler/bin/../lib/gcc/arm-none-eabi/6.3.1/../../../../arm-none-eabi/lib/thumb/v7e-m/fpv4-sp/hard/libnosys.a
END GROUP
LOAD /home/mdk/Ac6/SystemWorkbench/plugins/fr.ac6.mcu.externaltools.arm-none.linux64_1.15.0.201708311556/tools/compiler/bin/../lib/gcc/arm-none-eabi/6.3.1/thumb/v7e-m/fpv4-sp/hard/crtend.o
LOAD /home/mdk/Ac6/SystemWorkbench/plugins/fr.ac6.mcu.externaltools.arm-none.linux64_1.15.0.201708311556/tools/compiler/bin/../lib/gcc/arm-none-eabi/6.3.1/thumb/v7e-m/fpv4-sp/hard/crtn.o
                0x0000000020018000                _estack = 0x20018000
                0x0000000000000200                _Min_Heap_Size = 0x200
                0x0000000000000400                _Min_Stack_Size = 0x400

.isr_vector     0x0000000008000000      0x194
                0x0000000008000000                . = ALIGN (0x4)
 *(.isr_vector)
 .isr_vector    0x0000000008000000      0x194 startup/startup_stm32f401xe.o
                0x0000000008000000                g_pfnVectors
                0x0000000008000194                . = ALIGN (0x4)

.text           0x0000000008000194     0x3c74
                0x0000000008000194                . = ALIGN (0x4)
 *(.text)
 .text          0x0000000008000194       0x6c /home/mdk/Ac6/SystemWorkbench/plugins/fr.ac6.mcu.externaltools.arm-none.linux64_1.15.0.201708311556/tools/compiler/bin/../lib/gcc/arm-none-eabi/6.3.1/thumb/v7e-m/fpv4-sp/hard/crtbegin.o
 .text          0x0000000008000200       0x30 /home/mdk/Ac6/SystemWorkbench/plugins/fr.ac6.mcu.externaltools.arm-none.linux64_1.15.0.201708311556/tools/compiler/bin/../lib/gcc/arm-none-eabi/6.3.1/thumb/v7e-m/fpv4-sp/hard/libgcc.a(_aeabi_uldivmod.o)
                0x0000000008000200                __aeabi_uldivmod
 .text          0x0000000008000230      0x2dc /home/mdk/Ac6/SystemWorkbench/plugins/fr.ac6.mcu.externaltools.arm-none.linux64_1.15.0.201708311556/tools/compiler/bin/../lib/gcc/arm-none-eabi/6.3.1/thumb/v7e-m/fpv4-sp/hard/libgcc.a(_udivmoddi4.o)
                0x0000000008000230                __udivmoddi4
 .text          0x000000000800050c        0x4 /home/mdk/Ac6/SystemWorkbench/plugins/fr.ac6.mcu.externaltools.arm-none.linux64_1.15.0.201708311556/tools/compiler/bin/../lib/gcc/arm-none-eabi/6.3.1/thumb/v7e-m/fpv4-sp/hard/libgcc.a(_dvmd_tls.o)
                0x000000000800050c                __aeabi_ldiv0
                0x000000000800050c                __aeabi_idiv0
 *(.text*)
 .text.HAL_InitTick
                0x0000000008000510       0x48 Drivers/STM32F4xx_HAL_Driver/Src/stm32f4xx_hal.o
                0x0000000008000510                HAL_InitTick
 .text.HAL_Init
                0x0000000008000558       0x34 Drivers/STM32F4xx_HAL_Driver/Src/stm32f4xx_hal.o
                0x0000000008000558                HAL_Init
 .text.HAL_IncTick
                0x000000000800058c       0x18 Drivers/STM32F4xx_HAL_Driver/Src/stm32f4xx_hal.o
                0x000000000800058c                HAL_IncTick
 .text.HAL_GetTick
                0x00000000080005a4        0xc Drivers/STM32F4xx_HAL_Driver/Src/stm32f4xx_hal.o
                0x00000000080005a4                HAL_GetTick
 .text.HAL_Delay
                0x00000000080005b0       0x28 Drivers/STM32F4xx_HAL_Driver/Src/stm32f4xx_hal.o
                0x00000000080005b0                HAL_Delay
 .text.HAL_NVIC_SetPriorityGrouping
                0x00000000080005d8       0x24 Drivers/STM32F4xx_HAL_Driver/Src/stm32f4xx_hal_cortex.o
                0x00000000080005d8                HAL_NVIC_SetPriorityGrouping
 .text.HAL_NVIC_SetPriority
                0x00000000080005fc       0x64 Drivers/STM32F4xx_HAL_Driver/Src/stm32f4xx_hal_cortex.o
                0x00000000080005fc                HAL_NVIC_SetPriority
 .text.HAL_NVIC_EnableIRQ
                0x0000000008000660       0x18 Drivers/STM32F4xx_HAL_Driver/Src/stm32f4xx_hal_cortex.o
                0x0000000008000660                HAL_NVIC_EnableIRQ
 .text.HAL_SYSTICK_Config
                0x0000000008000678       0x2c Drivers/STM32F4xx_HAL_Driver/Src/stm32f4xx_hal_cortex.o
                0x0000000008000678                HAL_SYSTICK_Config
 .text.HAL_SYSTICK_CLKSourceConfig
                0x00000000080006a4       0x20 Drivers/STM32F4xx_HAL_Driver/Src/stm32f4xx_hal_cortex.o
                0x00000000080006a4                HAL_SYSTICK_CLKSourceConfig
 .text.HAL_SYSTICK_Callback
                0x00000000080006c4        0x2 Drivers/STM32F4xx_HAL_Driver/Src/stm32f4xx_hal_cortex.o
                0x00000000080006c4                HAL_SYSTICK_Callback
 .text.HAL_SYSTICK_IRQHandler
                0x00000000080006c6        0x8 Drivers/STM32F4xx_HAL_Driver/Src/stm32f4xx_hal_cortex.o
                0x00000000080006c6                HAL_SYSTICK_IRQHandler
 *fill*         0x00000000080006ce        0x2 
 .text.HAL_GPIO_Init
                0x00000000080006d0      0x1a8 Drivers/STM32F4xx_HAL_Driver/Src/stm32f4xx_hal_gpio.o
                0x00000000080006d0                HAL_GPIO_Init
 .text.HAL_GPIO_TogglePin
                0x0000000008000878        0x8 Drivers/STM32F4xx_HAL_Driver/Src/stm32f4xx_hal_gpio.o
                0x0000000008000878                HAL_GPIO_TogglePin
 .text.PCD_WriteEmptyTxFifo
                0x0000000008000880       0xac Drivers/STM32F4xx_HAL_Driver/Src/stm32f4xx_hal_pcd.o
 .text.HAL_PCD_Init
                0x000000000800092c       0xe0 Drivers/STM32F4xx_HAL_Driver/Src/stm32f4xx_hal_pcd.o
                0x000000000800092c                HAL_PCD_Init
 .text.HAL_PCD_Start
                0x0000000008000a0c       0x2a Drivers/STM32F4xx_HAL_Driver/Src/stm32f4xx_hal_pcd.o
                0x0000000008000a0c                HAL_PCD_Start
 *fill*         0x0000000008000a36        0x2 
 .text.HAL_PCD_IRQHandler
                0x0000000008000a38      0x5c4 Drivers/STM32F4xx_HAL_Driver/Src/stm32f4xx_hal_pcd.o
                0x0000000008000a38                HAL_PCD_IRQHandler
 .text.HAL_PCD_SetAddress
                0x0000000008000ffc       0x24 Drivers/STM32F4xx_HAL_Driver/Src/stm32f4xx_hal_pcd.o
                0x0000000008000ffc                HAL_PCD_SetAddress
 .text.HAL_PCD_EP_Open
                0x0000000008001020       0x68 Drivers/STM32F4xx_HAL_Driver/Src/stm32f4xx_hal_pcd.o
                0x0000000008001020                HAL_PCD_EP_Open
 .text.HAL_PCD_EP_Close
                0x0000000008001088       0x56 Drivers/STM32F4xx_HAL_Driver/Src/stm32f4xx_hal_pcd.o
                0x0000000008001088                HAL_PCD_EP_Close
 .text.HAL_PCD_EP_Receive
                0x00000000080010de       0x5a Drivers/STM32F4xx_HAL_Driver/Src/stm32f4xx_hal_pcd.o
                0x00000000080010de                HAL_PCD_EP_Receive
 .text.HAL_PCD_EP_GetRxCount
                0x0000000008001138       0x12 Drivers/STM32F4xx_HAL_Driver/Src/stm32f4xx_hal_pcd.o
                0x0000000008001138                HAL_PCD_EP_GetRxCount
 .text.HAL_PCD_EP_Transmit
                0x000000000800114a       0x52 Drivers/STM32F4xx_HAL_Driver/Src/stm32f4xx_hal_pcd.o
                0x000000000800114a                HAL_PCD_EP_Transmit
 .text.HAL_PCD_EP_SetStall
                0x000000000800119c       0x66 Drivers/STM32F4xx_HAL_Driver/Src/stm32f4xx_hal_pcd.o
                0x000000000800119c                HAL_PCD_EP_SetStall
 .text.HAL_PCD_EP_ClrStall
                0x0000000008001202       0x56 Drivers/STM32F4xx_HAL_Driver/Src/stm32f4xx_hal_pcd.o
                0x0000000008001202                HAL_PCD_EP_ClrStall
 .text.HAL_PCDEx_SetTxFiFo
                0x0000000008001258       0x48 Drivers/STM32F4xx_HAL_Driver/Src/stm32f4xx_hal_pcd_ex.o
                0x0000000008001258                HAL_PCDEx_SetTxFiFo
 .text.HAL_PCDEx_SetRxFiFo
                0x00000000080012a0        0x8 Drivers/STM32F4xx_HAL_Driver/Src/stm32f4xx_hal_pcd_ex.o
                0x00000000080012a0                HAL_PCDEx_SetRxFiFo
 .text.HAL_RCC_OscConfig
                0x00000000080012a8      0x398 Drivers/STM32F4xx_HAL_Driver/Src/stm32f4xx_hal_rcc.o
                0x00000000080012a8                HAL_RCC_OscConfig
 .text.HAL_RCC_GetSysClockFreq
                0x0000000008001640       0xa4 Drivers/STM32F4xx_HAL_Driver/Src/stm32f4xx_hal_rcc.o
                0x0000000008001640                HAL_RCC_GetSysClockFreq
 .text.HAL_RCC_ClockConfig
                0x00000000080016e4      0x158 Drivers/STM32F4xx_HAL_Driver/Src/stm32f4xx_hal_rcc.o
                0x00000000080016e4                HAL_RCC_ClockConfig
 .text.HAL_RCC_GetHCLKFreq
                0x000000000800183c        0xc Drivers/STM32F4xx_HAL_Driver/Src/stm32f4xx_hal_rcc.o
                0x000000000800183c                HAL_RCC_GetHCLKFreq
 .text.HAL_RCC_GetPCLK1Freq
                0x0000000008001848       0x20 Drivers/STM32F4xx_HAL_Driver/Src/stm32f4xx_hal_rcc.o
                0x0000000008001848                HAL_RCC_GetPCLK1Freq
 .text.HAL_RCC_GetPCLK2Freq
                0x0000000008001868       0x20 Drivers/STM32F4xx_HAL_Driver/Src/stm32f4xx_hal_rcc.o
                0x0000000008001868                HAL_RCC_GetPCLK2Freq
 .text.TIM_TI1_ConfigInputStage
                0x0000000008001888       0x26 Drivers/STM32F4xx_HAL_Driver/Src/stm32f4xx_hal_tim.o
 .text.TIM_TI2_ConfigInputStage
                0x00000000080018ae       0x28 Drivers/STM32F4xx_HAL_Driver/Src/stm32f4xx_hal_tim.o
 .text.TIM_ITRx_SetConfig
                0x00000000080018d6       0x10 Drivers/STM32F4xx_HAL_Driver/Src/stm32f4xx_hal_tim.o
 .text.TIM_ETR_SetConfig
                0x00000000080018e6       0x18 Drivers/STM32F4xx_HAL_Driver/Src/stm32f4xx_hal_tim.o
 .text.HAL_TIM_ConfigClockSource
                0x00000000080018fe      0x108 Drivers/STM32F4xx_HAL_Driver/Src/stm32f4xx_hal_tim.o
                0x00000000080018fe                HAL_TIM_ConfigClockSource
 *fill*         0x0000000008001a06        0x2 
 .text.TIM_Base_SetConfig
                0x0000000008001a08       0xd0 Drivers/STM32F4xx_HAL_Driver/Src/stm32f4xx_hal_tim.o
                0x0000000008001a08                TIM_Base_SetConfig
 .text.HAL_TIM_Base_Init
                0x0000000008001ad8       0x32 Drivers/STM32F4xx_HAL_Driver/Src/stm32f4xx_hal_tim.o
                0x0000000008001ad8                HAL_TIM_Base_Init
 .text.HAL_TIMEx_MasterConfigSynchronization
                0x0000000008001b0a       0x52 Drivers/STM32F4xx_HAL_Driver/Src/stm32f4xx_hal_tim_ex.o
                0x0000000008001b0a                HAL_TIMEx_MasterConfigSynchronization
 .text.UART_SetConfig
                0x0000000008001b5c      0x344 Drivers/STM32F4xx_HAL_Driver/Src/stm32f4xx_hal_uart.o
 .text.HAL_UART_Init
                0x0000000008001ea0       0x5e Drivers/STM32F4xx_HAL_Driver/Src/stm32f4xx_hal_uart.o
                0x0000000008001ea0                HAL_UART_Init
 .text.USB_CoreInit
                0x0000000008001efe       0x7c Drivers/STM32F4xx_HAL_Driver/Src/stm32f4xx_ll_usb.o
                0x0000000008001efe                USB_CoreInit
 .text.USB_EnableGlobalInt
                0x0000000008001f7a        0xc Drivers/STM32F4xx_HAL_Driver/Src/stm32f4xx_ll_usb.o
                0x0000000008001f7a                USB_EnableGlobalInt
 .text.USB_DisableGlobalInt
                0x0000000008001f86        0xc Drivers/STM32F4xx_HAL_Driver/Src/stm32f4xx_ll_usb.o
                0x0000000008001f86                USB_DisableGlobalInt
 .text.USB_SetCurrentMode
                0x0000000008001f92       0x2c Drivers/STM32F4xx_HAL_Driver/Src/stm32f4xx_ll_usb.o
                0x0000000008001f92                USB_SetCurrentMode
 *fill*         0x0000000008001fbe        0x2 
 .text.USB_DevInit
                0x0000000008001fc0      0x150 Drivers/STM32F4xx_HAL_Driver/Src/stm32f4xx_ll_usb.o
                0x0000000008001fc0                USB_DevInit
 .text.USB_FlushTxFifo
                0x0000000008002110       0x28 Drivers/STM32F4xx_HAL_Driver/Src/stm32f4xx_ll_usb.o
                0x0000000008002110                USB_FlushTxFifo
 .text.USB_FlushRxFifo
                0x0000000008002138       0x24 Drivers/STM32F4xx_HAL_Driver/Src/stm32f4xx_ll_usb.o
                0x0000000008002138                USB_FlushRxFifo
 .text.USB_SetDevSpeed
                0x000000000800215c        0xe Drivers/STM32F4xx_HAL_Driver/Src/stm32f4xx_ll_usb.o
                0x000000000800215c                USB_SetDevSpeed
 .text.USB_GetDevSpeed
                0x000000000800216a       0x40 Drivers/STM32F4xx_HAL_Driver/Src/stm32f4xx_ll_usb.o
                0x000000000800216a                USB_GetDevSpeed
 .text.USB_ActivateEndpoint
                0x00000000080021aa       0x92 Drivers/STM32F4xx_HAL_Driver/Src/stm32f4xx_ll_usb.o
                0x00000000080021aa                USB_ActivateEndpoint
 .text.USB_DeactivateEndpoint
                0x000000000800223c       0xf0 Drivers/STM32F4xx_HAL_Driver/Src/stm32f4xx_ll_usb.o
                0x000000000800223c                USB_DeactivateEndpoint
 .text.USB_EPStartXfer
                0x000000000800232c      0x264 Drivers/STM32F4xx_HAL_Driver/Src/stm32f4xx_ll_usb.o
                0x000000000800232c                USB_EPStartXfer
 .text.USB_EP0StartXfer
                0x0000000008002590      0x160 Drivers/STM32F4xx_HAL_Driver/Src/stm32f4xx_ll_usb.o
                0x0000000008002590                USB_EP0StartXfer
 .text.USB_WritePacket
                0x00000000080026f0       0x28 Drivers/STM32F4xx_HAL_Driver/Src/stm32f4xx_ll_usb.o
                0x00000000080026f0                USB_WritePacket
 .text.USB_ReadPacket
                0x0000000008002718       0x28 Drivers/STM32F4xx_HAL_Driver/Src/stm32f4xx_ll_usb.o
                0x0000000008002718                USB_ReadPacket
 .text.USB_EPSetStall
                0x0000000008002740       0x64 Drivers/STM32F4xx_HAL_Driver/Src/stm32f4xx_ll_usb.o
                0x0000000008002740                USB_EPSetStall
 .text.USB_EPClearStall
                0x00000000080027a4       0x6a Drivers/STM32F4xx_HAL_Driver/Src/stm32f4xx_ll_usb.o
                0x00000000080027a4                USB_EPClearStall
 .text.USB_SetDevAddress
                0x000000000800280e       0x20 Drivers/STM32F4xx_HAL_Driver/Src/stm32f4xx_ll_usb.o
                0x000000000800280e                USB_SetDevAddress
 .text.USB_DevConnect
                0x000000000800282e       0x18 Drivers/STM32F4xx_HAL_Driver/Src/stm32f4xx_ll_usb.o
                0x000000000800282e                USB_DevConnect
 .text.USB_DevDisconnect
                0x0000000008002846       0x18 Drivers/STM32F4xx_HAL_Driver/Src/stm32f4xx_ll_usb.o
                0x0000000008002846                USB_DevDisconnect
 .text.USB_ReadInterrupts
                0x000000000800285e        0x8 Drivers/STM32F4xx_HAL_Driver/Src/stm32f4xx_ll_usb.o
                0x000000000800285e                USB_ReadInterrupts
 .text.USB_ReadDevAllOutEpInterrupt
                0x0000000008002866       0x10 Drivers/STM32F4xx_HAL_Driver/Src/stm32f4xx_ll_usb.o
                0x0000000008002866                USB_ReadDevAllOutEpInterrupt
 .text.USB_ReadDevAllInEpInterrupt
                0x0000000008002876       0x10 Drivers/STM32F4xx_HAL_Driver/Src/stm32f4xx_ll_usb.o
                0x0000000008002876                USB_ReadDevAllInEpInterrupt
 .text.USB_ReadDevOutEPInterrupt
                0x0000000008002886       0x12 Drivers/STM32F4xx_HAL_Driver/Src/stm32f4xx_ll_usb.o
                0x0000000008002886                USB_ReadDevOutEPInterrupt
 .text.USB_ReadDevInEPInterrupt
                0x0000000008002898       0x1c Drivers/STM32F4xx_HAL_Driver/Src/stm32f4xx_ll_usb.o
                0x0000000008002898                USB_ReadDevInEPInterrupt
 .text.USB_GetMode
                0x00000000080028b4        0x8 Drivers/STM32F4xx_HAL_Driver/Src/stm32f4xx_ll_usb.o
                0x00000000080028b4                USB_GetMode
 .text.USB_ActivateSetup
                0x00000000080028bc       0x38 Drivers/STM32F4xx_HAL_Driver/Src/stm32f4xx_ll_usb.o
                0x00000000080028bc                USB_ActivateSetup
 .text.USB_EP0_OutStart
                0x00000000080028f4       0x46 Drivers/STM32F4xx_HAL_Driver/Src/stm32f4xx_ll_usb.o
                0x00000000080028f4                USB_EP0_OutStart
 *fill*         0x000000000800293a        0x2 
 .text.USB_CoreReset
                0x000000000800293c       0x3c Drivers/STM32F4xx_HAL_Driver/Src/stm32f4xx_ll_usb.o
 .text.USBD_CDC_DataIn
                0x0000000008002978       0x12 Middlewares/ST/STM32_USB_Device_Library/Class/CDC/Src/usbd_cdc.o
 .text.USBD_CDC_EP0_RxReady
                0x000000000800298a       0x28 Middlewares/ST/STM32_USB_Device_Library/Class/CDC/Src/usbd_cdc.o
 *fill*         0x00000000080029b2        0x2 
 .text.USBD_CDC_GetFSCfgDesc
                0x00000000080029b4        0xc Middlewares/ST/STM32_USB_Device_Library/Class/CDC/Src/usbd_cdc.o
 .text.USBD_CDC_GetHSCfgDesc
                0x00000000080029c0        0xc Middlewares/ST/STM32_USB_Device_Library/Class/CDC/Src/usbd_cdc.o
 .text.USBD_CDC_GetOtherSpeedCfgDesc
                0x00000000080029cc        0xc Middlewares/ST/STM32_USB_Device_Library/Class/CDC/Src/usbd_cdc.o
 .text.USBD_CDC_GetDeviceQualifierDescriptor
                0x00000000080029d8        0xc Middlewares/ST/STM32_USB_Device_Library/Class/CDC/Src/usbd_cdc.o
                0x00000000080029d8                USBD_CDC_GetDeviceQualifierDescriptor
 .text.USBD_CDC_DataOut
                0x00000000080029e4       0x2e Middlewares/ST/STM32_USB_Device_Library/Class/CDC/Src/usbd_cdc.o
 *fill*         0x0000000008002a12        0x2 
 .text.USBD_CDC_Setup
                0x0000000008002a14       0x74 Middlewares/ST/STM32_USB_Device_Library/Class/CDC/Src/usbd_cdc.o
 .text.USBD_CDC_DeInit
                0x0000000008002a88       0x3a Middlewares/ST/STM32_USB_Device_Library/Class/CDC/Src/usbd_cdc.o
 .text.USBD_CDC_Init
                0x0000000008002ac2       0x96 Middlewares/ST/STM32_USB_Device_Library/Class/CDC/Src/usbd_cdc.o
 .text.USBD_CDC_RegisterInterface
                0x0000000008002b58        0xe Middlewares/ST/STM32_USB_Device_Library/Class/CDC/Src/usbd_cdc.o
                0x0000000008002b58                USBD_CDC_RegisterInterface
 .text.USBD_CDC_SetTxBuffer
                0x0000000008002b66       0x10 Middlewares/ST/STM32_USB_Device_Library/Class/CDC/Src/usbd_cdc.o
                0x0000000008002b66                USBD_CDC_SetTxBuffer
 .text.USBD_CDC_SetRxBuffer
                0x0000000008002b76        0xc Middlewares/ST/STM32_USB_Device_Library/Class/CDC/Src/usbd_cdc.o
                0x0000000008002b76                USBD_CDC_SetRxBuffer
 .text.USBD_CDC_TransmitPacket
                0x0000000008002b82       0x2e Middlewares/ST/STM32_USB_Device_Library/Class/CDC/Src/usbd_cdc.o
                0x0000000008002b82                USBD_CDC_TransmitPacket
 .text.USBD_CDC_ReceivePacket
                0x0000000008002bb0       0x32 Middlewares/ST/STM32_USB_Device_Library/Class/CDC/Src/usbd_cdc.o
                0x0000000008002bb0                USBD_CDC_ReceivePacket
 .text.USBD_Init
                0x0000000008002be2       0x2e Middlewares/ST/STM32_USB_Device_Library/Core/Src/usbd_core.o
                0x0000000008002be2                USBD_Init
 .text.USBD_RegisterClass
                0x0000000008002c10        0xe Middlewares/ST/STM32_USB_Device_Library/Core/Src/usbd_core.o
                0x0000000008002c10                USBD_RegisterClass
 .text.USBD_Start
                0x0000000008002c1e        0xa Middlewares/ST/STM32_USB_Device_Library/Core/Src/usbd_core.o
                0x0000000008002c1e                USBD_Start
 .text.USBD_SetClassConfig
                0x0000000008002c28       0x1a Middlewares/ST/STM32_USB_Device_Library/Core/Src/usbd_core.o
                0x0000000008002c28                USBD_SetClassConfig
 .text.USBD_ClrClassConfig
                0x0000000008002c42        0xe Middlewares/ST/STM32_USB_Device_Library/Core/Src/usbd_core.o
                0x0000000008002c42                USBD_ClrClassConfig
 .text.USBD_LL_SetupStage
                0x0000000008002c50       0x5a Middlewares/ST/STM32_USB_Device_Library/Core/Src/usbd_core.o
                0x0000000008002c50                USBD_LL_SetupStage
 .text.USBD_LL_DataOutStage
                0x0000000008002caa       0x6a Middlewares/ST/STM32_USB_Device_Library/Core/Src/usbd_core.o
                0x0000000008002caa                USBD_LL_DataOutStage
 .text.USBD_LL_DataInStage
                0x0000000008002d14       0xb2 Middlewares/ST/STM32_USB_Device_Library/Core/Src/usbd_core.o
                0x0000000008002d14                USBD_LL_DataInStage
 .text.USBD_LL_Reset
                0x0000000008002dc6       0x3e Middlewares/ST/STM32_USB_Device_Library/Core/Src/usbd_core.o
                0x0000000008002dc6                USBD_LL_Reset
 .text.USBD_LL_SetSpeed
                0x0000000008002e04        0x6 Middlewares/ST/STM32_USB_Device_Library/Core/Src/usbd_core.o
                0x0000000008002e04                USBD_LL_SetSpeed
 .text.USBD_LL_Suspend
                0x0000000008002e0a       0x12 Middlewares/ST/STM32_USB_Device_Library/Core/Src/usbd_core.o
                0x0000000008002e0a                USBD_LL_Suspend
 .text.USBD_LL_Resume
                0x0000000008002e1c        0xc Middlewares/ST/STM32_USB_Device_Library/Core/Src/usbd_core.o
                0x0000000008002e1c                USBD_LL_Resume
 .text.USBD_LL_SOF
                0x0000000008002e28       0x1c Middlewares/ST/STM32_USB_Device_Library/Core/Src/usbd_core.o
                0x0000000008002e28                USBD_LL_SOF
 .text.USBD_LL_IsoINIncomplete
                0x0000000008002e44        0x4 Middlewares/ST/STM32_USB_Device_Library/Core/Src/usbd_core.o
                0x0000000008002e44                USBD_LL_IsoINIncomplete
 .text.USBD_LL_IsoOUTIncomplete
                0x0000000008002e48        0x4 Middlewares/ST/STM32_USB_Device_Library/Core/Src/usbd_core.o
                0x0000000008002e48                USBD_LL_IsoOUTIncomplete
 .text.USBD_LL_DevConnected
                0x0000000008002e4c        0x4 Middlewares/ST/STM32_USB_Device_Library/Core/Src/usbd_core.o
                0x0000000008002e4c                USBD_LL_DevConnected
 .text.USBD_LL_DevDisconnected
                0x0000000008002e50       0x16 Middlewares/ST/STM32_USB_Device_Library/Core/Src/usbd_core.o
                0x0000000008002e50                USBD_LL_DevDisconnected
 .text.USBD_GetLen
                0x0000000008002e66       0x14 Middlewares/ST/STM32_USB_Device_Library/Core/Src/usbd_ctlreq.o
 .text.USBD_SetFeature
                0x0000000008002e7a       0x20 Middlewares/ST/STM32_USB_Device_Library/Core/Src/usbd_ctlreq.o
 .text.USBD_ParseSetupRequest
                0x0000000008002e9a       0x28 Middlewares/ST/STM32_USB_Device_Library/Core/Src/usbd_ctlreq.o
                0x0000000008002e9a                USBD_ParseSetupRequest
 .text.USBD_CtlError
                0x0000000008002ec2       0x14 Middlewares/ST/STM32_USB_Device_Library/Core/Src/usbd_ctlreq.o
                0x0000000008002ec2                USBD_CtlError
 .text.USBD_GetDescriptor
                0x0000000008002ed6      0x132 Middlewares/ST/STM32_USB_Device_Library/Core/Src/usbd_ctlreq.o
 .text.USBD_SetAddress
                0x0000000008003008       0x4a Middlewares/ST/STM32_USB_Device_Library/Core/Src/usbd_ctlreq.o
 *fill*         0x0000000008003052        0x2 
 .text.USBD_SetConfig
                0x0000000008003054       0xa4 Middlewares/ST/STM32_USB_Device_Library/Core/Src/usbd_ctlreq.o
 .text.USBD_GetConfig
                0x00000000080030f8       0x3a Middlewares/ST/STM32_USB_Device_Library/Core/Src/usbd_ctlreq.o
 .text.USBD_GetStatus
                0x0000000008003132       0x2c Middlewares/ST/STM32_USB_Device_Library/Core/Src/usbd_ctlreq.o
 .text.USBD_ClrFeature
                0x000000000800315e       0x32 Middlewares/ST/STM32_USB_Device_Library/Core/Src/usbd_ctlreq.o
 .text.USBD_StdDevReq
                0x0000000008003190       0x48 Middlewares/ST/STM32_USB_Device_Library/Core/Src/usbd_ctlreq.o
                0x0000000008003190                USBD_StdDevReq
 .text.USBD_StdItfReq
                0x00000000080031d8       0x38 Middlewares/ST/STM32_USB_Device_Library/Core/Src/usbd_ctlreq.o
                0x00000000080031d8                USBD_StdItfReq
 .text.USBD_StdEPReq
                0x0000000008003210      0x118 Middlewares/ST/STM32_USB_Device_Library/Core/Src/usbd_ctlreq.o
                0x0000000008003210                USBD_StdEPReq
 .text.USBD_GetString
                0x0000000008003328       0x3a Middlewares/ST/STM32_USB_Device_Library/Core/Src/usbd_ctlreq.o
                0x0000000008003328                USBD_GetString
 .text.USBD_CtlSendData
                0x0000000008003362       0x1a Middlewares/ST/STM32_USB_Device_Library/Core/Src/usbd_ioreq.o
                0x0000000008003362                USBD_CtlSendData
 .text.USBD_CtlContinueSendData
                0x000000000800337c       0x10 Middlewares/ST/STM32_USB_Device_Library/Core/Src/usbd_ioreq.o
                0x000000000800337c                USBD_CtlContinueSendData
 .text.USBD_CtlPrepareRx
                0x000000000800338c       0x1e Middlewares/ST/STM32_USB_Device_Library/Core/Src/usbd_ioreq.o
                0x000000000800338c                USBD_CtlPrepareRx
 .text.USBD_CtlContinueRx
                0x00000000080033aa       0x10 Middlewares/ST/STM32_USB_Device_Library/Core/Src/usbd_ioreq.o
                0x00000000080033aa                USBD_CtlContinueRx
 .text.USBD_CtlSendStatus
                0x00000000080033ba       0x16 Middlewares/ST/STM32_USB_Device_Library/Core/Src/usbd_ioreq.o
                0x00000000080033ba                USBD_CtlSendStatus
 .text.USBD_CtlReceiveStatus
                0x00000000080033d0       0x16 Middlewares/ST/STM32_USB_Device_Library/Core/Src/usbd_ioreq.o
                0x00000000080033d0                USBD_CtlReceiveStatus
 *fill*         0x00000000080033e6        0x2 
 .text.MX_GPIO_Init
                0x00000000080033e8       0x4c Src/gpio.o
                0x00000000080033e8                MX_GPIO_Init
 .text._Error_Handler
                0x0000000008003434        0x2 Src/main.o
                0x0000000008003434                _Error_Handler
 *fill*         0x0000000008003436        0x2 
 .text.SystemClock_Config
                0x0000000008003438       0xc8 Src/main.o
                0x0000000008003438                SystemClock_Config
 .text.main     0x0000000008003500       0x54 Src/main.o
                0x0000000008003500                main
 .text.HAL_MspInit
                0x0000000008003554       0x5e Src/stm32f4xx_hal_msp.o
                0x0000000008003554                HAL_MspInit
 .text.NMI_Handler
                0x00000000080035b2        0x2 Src/stm32f4xx_it.o
                0x00000000080035b2                NMI_Handler
 .text.HardFault_Handler
                0x00000000080035b4        0x2 Src/stm32f4xx_it.o
                0x00000000080035b4                HardFault_Handler
 .text.MemManage_Handler
                0x00000000080035b6        0x2 Src/stm32f4xx_it.o
                0x00000000080035b6                MemManage_Handler
 .text.BusFault_Handler
                0x00000000080035b8        0x2 Src/stm32f4xx_it.o
                0x00000000080035b8                BusFault_Handler
 .text.UsageFault_Handler
                0x00000000080035ba        0x2 Src/stm32f4xx_it.o
                0x00000000080035ba                UsageFault_Handler
 .text.SVC_Handler
                0x00000000080035bc        0x2 Src/stm32f4xx_it.o
                0x00000000080035bc                SVC_Handler
 .text.DebugMon_Handler
                0x00000000080035be        0x2 Src/stm32f4xx_it.o
                0x00000000080035be                DebugMon_Handler
 .text.PendSV_Handler
                0x00000000080035c0        0x2 Src/stm32f4xx_it.o
                0x00000000080035c0                PendSV_Handler
 .text.SysTick_Handler
                0x00000000080035c2        0xc Src/stm32f4xx_it.o
                0x00000000080035c2                SysTick_Handler
 *fill*         0x00000000080035ce        0x2 
 .text.OTG_FS_IRQHandler
                0x00000000080035d0       0x10 Src/stm32f4xx_it.o
                0x00000000080035d0                OTG_FS_IRQHandler
 .text.SystemInit
                0x00000000080035e0       0x4c Src/system_stm32f4xx.o
                0x00000000080035e0                SystemInit
 .text.MX_TIM2_Init
                0x000000000800362c       0x6c Src/tim.o
                0x000000000800362c                MX_TIM2_Init
 .text.HAL_TIM_Base_MspInit
                0x0000000008003698       0x2c Src/tim.o
                0x0000000008003698                HAL_TIM_Base_MspInit
 .text.MX_USART2_UART_Init
                0x00000000080036c4       0x3c Src/usart.o
                0x00000000080036c4                MX_USART2_UART_Init
 .text.HAL_UART_MspInit
                0x0000000008003700       0x54 Src/usart.o
                0x0000000008003700                HAL_UART_MspInit
 .text.MX_USB_DEVICE_Init
                0x0000000008003754       0x38 Src/usb_device.o
                0x0000000008003754                MX_USB_DEVICE_Init
 .text.CDC_DeInit_FS
                0x000000000800378c        0x4 Src/usbd_cdc_if.o
 .text.CDC_Control_FS
                0x0000000008003790        0x4 Src/usbd_cdc_if.o
 .text.CDC_Receive_FS
                0x0000000008003794       0x1c Src/usbd_cdc_if.o
 .text.CDC_Init_FS
                0x00000000080037b0       0x28 Src/usbd_cdc_if.o
 .text.CDC_Transmit_FS
                0x00000000080037d8       0x2c Src/usbd_cdc_if.o
                0x00000000080037d8                CDC_Transmit_FS
 .text.HAL_PCD_MspInit
                0x0000000008003804       0x68 Src/usbd_conf.o
                0x0000000008003804                HAL_PCD_MspInit
 .text.HAL_PCD_SetupStageCallback
                0x000000000800386c       0x10 Src/usbd_conf.o
                0x000000000800386c                HAL_PCD_SetupStageCallback
 .text.HAL_PCD_DataOutStageCallback
                0x000000000800387c       0x18 Src/usbd_conf.o
                0x000000000800387c                HAL_PCD_DataOutStageCallback
 .text.HAL_PCD_DataInStageCallback
                0x0000000008003894       0x16 Src/usbd_conf.o
                0x0000000008003894                HAL_PCD_DataInStageCallback
 .text.HAL_PCD_SOFCallback
                0x00000000080038aa        0xc Src/usbd_conf.o
                0x00000000080038aa                HAL_PCD_SOFCallback
 .text.HAL_PCD_ResetCallback
                0x00000000080038b6       0x20 Src/usbd_conf.o
                0x00000000080038b6                HAL_PCD_ResetCallback
 *fill*         0x00000000080038d6        0x2 
 .text.HAL_PCD_SuspendCallback
                0x00000000080038d8       0x30 Src/usbd_conf.o
                0x00000000080038d8                HAL_PCD_SuspendCallback
 .text.HAL_PCD_ResumeCallback
                0x0000000008003908        0xc Src/usbd_conf.o
                0x0000000008003908                HAL_PCD_ResumeCallback
 .text.HAL_PCD_ISOOUTIncompleteCallback
                0x0000000008003914        0xc Src/usbd_conf.o
                0x0000000008003914                HAL_PCD_ISOOUTIncompleteCallback
 .text.HAL_PCD_ISOINIncompleteCallback
                0x0000000008003920        0xc Src/usbd_conf.o
                0x0000000008003920                HAL_PCD_ISOINIncompleteCallback
 .text.HAL_PCD_ConnectCallback
                0x000000000800392c        0xc Src/usbd_conf.o
                0x000000000800392c                HAL_PCD_ConnectCallback
 .text.HAL_PCD_DisconnectCallback
                0x0000000008003938        0xc Src/usbd_conf.o
                0x0000000008003938                HAL_PCD_DisconnectCallback
 .text.USBD_LL_Init
                0x0000000008003944       0x74 Src/usbd_conf.o
                0x0000000008003944                USBD_LL_Init
 .text.USBD_LL_Start
                0x00000000080039b8       0x1c Src/usbd_conf.o
                0x00000000080039b8                USBD_LL_Start
 .text.USBD_LL_OpenEP
                0x00000000080039d4       0x22 Src/usbd_conf.o
                0x00000000080039d4                USBD_LL_OpenEP
 .text.USBD_LL_CloseEP
                0x00000000080039f6       0x1c Src/usbd_conf.o
                0x00000000080039f6                USBD_LL_CloseEP
 .text.USBD_LL_StallEP
                0x0000000008003a12       0x1c Src/usbd_conf.o
                0x0000000008003a12                USBD_LL_StallEP
 .text.USBD_LL_ClearStallEP
                0x0000000008003a2e       0x1c Src/usbd_conf.o
                0x0000000008003a2e                USBD_LL_ClearStallEP
 .text.USBD_LL_IsStallEP
                0x0000000008003a4a       0x2e Src/usbd_conf.o
                0x0000000008003a4a                USBD_LL_IsStallEP
 .text.USBD_LL_SetUSBAddress
                0x0000000008003a78       0x1c Src/usbd_conf.o
                0x0000000008003a78                USBD_LL_SetUSBAddress
 .text.USBD_LL_Transmit
                0x0000000008003a94       0x1c Src/usbd_conf.o
                0x0000000008003a94                USBD_LL_Transmit
 .text.USBD_LL_PrepareReceive
                0x0000000008003ab0       0x1c Src/usbd_conf.o
                0x0000000008003ab0                USBD_LL_PrepareReceive
 .text.USBD_LL_GetRxDataSize
                0x0000000008003acc        0xc Src/usbd_conf.o
                0x0000000008003acc                USBD_LL_GetRxDataSize
 .text.USBD_FS_DeviceDescriptor
                0x0000000008003ad8        0xc Src/usbd_desc.o
                0x0000000008003ad8                USBD_FS_DeviceDescriptor
 .text.USBD_FS_LangIDStrDescriptor
                0x0000000008003ae4        0xc Src/usbd_desc.o
                0x0000000008003ae4                USBD_FS_LangIDStrDescriptor
 .text.USBD_FS_ProductStrDescriptor
                0x0000000008003af0       0x24 Src/usbd_desc.o
                0x0000000008003af0                USBD_FS_ProductStrDescriptor
 .text.USBD_FS_ManufacturerStrDescriptor
                0x0000000008003b14       0x1c Src/usbd_desc.o
                0x0000000008003b14                USBD_FS_ManufacturerStrDescriptor
 .text.USBD_FS_SerialStrDescriptor
                0x0000000008003b30       0x24 Src/usbd_desc.o
                0x0000000008003b30                USBD_FS_SerialStrDescriptor
 .text.USBD_FS_ConfigStrDescriptor
                0x0000000008003b54       0x24 Src/usbd_desc.o
                0x0000000008003b54                USBD_FS_ConfigStrDescriptor
 .text.USBD_FS_InterfaceStrDescriptor
                0x0000000008003b78       0x24 Src/usbd_desc.o
                0x0000000008003b78                USBD_FS_InterfaceStrDescriptor
 .text.Reset_Handler
                0x0000000008003b9c       0x50 startup/startup_stm32f401xe.o
                0x0000000008003b9c                Reset_Handler
 .text.Default_Handler
                0x0000000008003bec        0x2 startup/startup_stm32f401xe.o
                0x0000000008003bec                RTC_Alarm_IRQHandler
                0x0000000008003bec                EXTI2_IRQHandler
                0x0000000008003bec                SPI4_IRQHandler
                0x0000000008003bec                TIM1_CC_IRQHandler
                0x0000000008003bec                DMA2_Stream5_IRQHandler
                0x0000000008003bec                DMA1_Stream5_IRQHandler
                0x0000000008003bec                PVD_IRQHandler
                0x0000000008003bec                SDIO_IRQHandler
                0x0000000008003bec                TAMP_STAMP_IRQHandler
                0x0000000008003bec                EXTI3_IRQHandler
                0x0000000008003bec                TIM1_UP_TIM10_IRQHandler
                0x0000000008003bec                I2C3_ER_IRQHandler
                0x0000000008003bec                EXTI0_IRQHandler
                0x0000000008003bec                I2C2_EV_IRQHandler
                0x0000000008003bec                DMA1_Stream2_IRQHandler
                0x0000000008003bec                FPU_IRQHandler
                0x0000000008003bec                DMA2_Stream2_IRQHandler
                0x0000000008003bec                SPI1_IRQHandler
                0x0000000008003bec                TIM1_BRK_TIM9_IRQHandler
                0x0000000008003bec                DMA2_Stream3_IRQHandler
                0x0000000008003bec                USART6_IRQHandler
                0x0000000008003bec                DMA2_Stream0_IRQHandler
                0x0000000008003bec                TIM4_IRQHandler
                0x0000000008003bec                I2C1_EV_IRQHandler
                0x0000000008003bec                DMA1_Stream6_IRQHandler
                0x0000000008003bec                DMA1_Stream1_IRQHandler
                0x0000000008003bec                TIM3_IRQHandler
                0x0000000008003bec                RCC_IRQHandler
                0x0000000008003bec                Default_Handler
                0x0000000008003bec                EXTI15_10_IRQHandler
                0x0000000008003bec                ADC_IRQHandler
                0x0000000008003bec                DMA1_Stream7_IRQHandler
                0x0000000008003bec                TIM5_IRQHandler
                0x0000000008003bec                DMA2_Stream7_IRQHandler
                0x0000000008003bec                I2C3_EV_IRQHandler
                0x0000000008003bec                EXTI9_5_IRQHandler
                0x0000000008003bec                RTC_WKUP_IRQHandler
                0x0000000008003bec                SPI2_IRQHandler
                0x0000000008003bec                DMA1_Stream0_IRQHandler
                0x0000000008003bec                EXTI4_IRQHandler
                0x0000000008003bec                WWDG_IRQHandler
                0x0000000008003bec                TIM2_IRQHandler
                0x0000000008003bec                OTG_FS_WKUP_IRQHandler
                0x0000000008003bec                TIM1_TRG_COM_TIM11_IRQHandler
                0x0000000008003bec                EXTI1_IRQHandler
                0x0000000008003bec                USART2_IRQHandler
                0x0000000008003bec                I2C2_ER_IRQHandler
                0x0000000008003bec                DMA2_Stream1_IRQHandler
                0x0000000008003bec                FLASH_IRQHandler
                0x0000000008003bec                DMA2_Stream4_IRQHandler
                0x0000000008003bec                USART1_IRQHandler
                0x0000000008003bec                SPI3_IRQHandler
                0x0000000008003bec                DMA1_Stream4_IRQHandler
                0x0000000008003bec                I2C1_ER_IRQHandler
                0x0000000008003bec                DMA2_Stream6_IRQHandler
                0x0000000008003bec                DMA1_Stream3_IRQHandler
 *fill*         0x0000000008003bee        0x2 
 .text.__libc_init_array
                0x0000000008003bf0       0x48 /home/mdk/Ac6/SystemWorkbench/plugins/fr.ac6.mcu.externaltools.arm-none.linux64_1.15.0.201708311556/tools/compiler/bin/../lib/gcc/arm-none-eabi/6.3.1/../../../../arm-none-eabi/lib/thumb/v7e-m/fpv4-sp/hard/libc_nano.a(lib_a-init.o)
                0x0000000008003bf0                __libc_init_array
 .text.malloc   0x0000000008003c38       0x10 /home/mdk/Ac6/SystemWorkbench/plugins/fr.ac6.mcu.externaltools.arm-none.linux64_1.15.0.201708311556/tools/compiler/bin/../lib/gcc/arm-none-eabi/6.3.1/../../../../arm-none-eabi/lib/thumb/v7e-m/fpv4-sp/hard/libc_nano.a(lib_a-malloc.o)
                0x0000000008003c38                malloc
 .text.free     0x0000000008003c48       0x10 /home/mdk/Ac6/SystemWorkbench/plugins/fr.ac6.mcu.externaltools.arm-none.linux64_1.15.0.201708311556/tools/compiler/bin/../lib/gcc/arm-none-eabi/6.3.1/../../../../arm-none-eabi/lib/thumb/v7e-m/fpv4-sp/hard/libc_nano.a(lib_a-malloc.o)
                0x0000000008003c48                free
 .text._free_r  0x0000000008003c58       0x9c /home/mdk/Ac6/SystemWorkbench/plugins/fr.ac6.mcu.externaltools.arm-none.linux64_1.15.0.201708311556/tools/compiler/bin/../lib/gcc/arm-none-eabi/6.3.1/../../../../arm-none-eabi/lib/thumb/v7e-m/fpv4-sp/hard/libc_nano.a(lib_a-nano-freer.o)
                0x0000000008003c58                _free_r
 .text._malloc_r
                0x0000000008003cf4       0xbc /home/mdk/Ac6/SystemWorkbench/plugins/fr.ac6.mcu.externaltools.arm-none.linux64_1.15.0.201708311556/tools/compiler/bin/../lib/gcc/arm-none-eabi/6.3.1/../../../../arm-none-eabi/lib/thumb/v7e-m/fpv4-sp/hard/libc_nano.a(lib_a-nano-mallocr.o)
                0x0000000008003cf4                _malloc_r
 .text._sbrk_r  0x0000000008003db0       0x20 /home/mdk/Ac6/SystemWorkbench/plugins/fr.ac6.mcu.externaltools.arm-none.linux64_1.15.0.201708311556/tools/compiler/bin/../lib/gcc/arm-none-eabi/6.3.1/../../../../arm-none-eabi/lib/thumb/v7e-m/fpv4-sp/hard/libc_nano.a(lib_a-sbrkr.o)
                0x0000000008003db0                _sbrk_r
 .text.__malloc_lock
                0x0000000008003dd0        0x2 /home/mdk/Ac6/SystemWorkbench/plugins/fr.ac6.mcu.externaltools.arm-none.linux64_1.15.0.201708311556/tools/compiler/bin/../lib/gcc/arm-none-eabi/6.3.1/../../../../arm-none-eabi/lib/thumb/v7e-m/fpv4-sp/hard/libc_nano.a(lib_a-mlock.o)
                0x0000000008003dd0                __malloc_lock
 .text.__malloc_unlock
                0x0000000008003dd2        0x2 /home/mdk/Ac6/SystemWorkbench/plugins/fr.ac6.mcu.externaltools.arm-none.linux64_1.15.0.201708311556/tools/compiler/bin/../lib/gcc/arm-none-eabi/6.3.1/../../../../arm-none-eabi/lib/thumb/v7e-m/fpv4-sp/hard/libc_nano.a(lib_a-mlock.o)
                0x0000000008003dd2                __malloc_unlock
 .text._sbrk    0x0000000008003dd4       0x1c /home/mdk/Ac6/SystemWorkbench/plugins/fr.ac6.mcu.externaltools.arm-none.linux64_1.15.0.201708311556/tools/compiler/bin/../lib/gcc/arm-none-eabi/6.3.1/../../../../arm-none-eabi/lib/thumb/v7e-m/fpv4-sp/hard/libnosys.a(sbrk.o)
                0x0000000008003dd4                _sbrk
 *(.glue_7)
 .glue_7        0x0000000008003df0        0x0 linker stubs
 *(.glue_7t)
 .glue_7t       0x0000000008003df0        0x0 linker stubs
 *(.eh_frame)
 .eh_frame      0x0000000008003df0        0x0 /home/mdk/Ac6/SystemWorkbench/plugins/fr.ac6.mcu.externaltools.arm-none.linux64_1.15.0.201708311556/tools/compiler/bin/../lib/gcc/arm-none-eabi/6.3.1/thumb/v7e-m/fpv4-sp/hard/crtbegin.o
 *(.init)
 .init          0x0000000008003df0        0x4 /home/mdk/Ac6/SystemWorkbench/plugins/fr.ac6.mcu.externaltools.arm-none.linux64_1.15.0.201708311556/tools/compiler/bin/../lib/gcc/arm-none-eabi/6.3.1/thumb/v7e-m/fpv4-sp/hard/crti.o
                0x0000000008003df0                _init
 .init          0x0000000008003df4        0x8 /home/mdk/Ac6/SystemWorkbench/plugins/fr.ac6.mcu.externaltools.arm-none.linux64_1.15.0.201708311556/tools/compiler/bin/../lib/gcc/arm-none-eabi/6.3.1/thumb/v7e-m/fpv4-sp/hard/crtn.o
 *(.fini)
 .fini          0x0000000008003dfc        0x4 /home/mdk/Ac6/SystemWorkbench/plugins/fr.ac6.mcu.externaltools.arm-none.linux64_1.15.0.201708311556/tools/compiler/bin/../lib/gcc/arm-none-eabi/6.3.1/thumb/v7e-m/fpv4-sp/hard/crti.o
                0x0000000008003dfc                _fini
 .fini          0x0000000008003e00        0x8 /home/mdk/Ac6/SystemWorkbench/plugins/fr.ac6.mcu.externaltools.arm-none.linux64_1.15.0.201708311556/tools/compiler/bin/../lib/gcc/arm-none-eabi/6.3.1/thumb/v7e-m/fpv4-sp/hard/crtn.o
                0x0000000008003e08                . = ALIGN (0x4)
                0x0000000008003e08                _etext = .

.vfp11_veneer   0x0000000008003e08        0x0
 .vfp11_veneer  0x0000000008003e08        0x0 linker stubs

.v4_bx          0x0000000008003e08        0x0
 .v4_bx         0x0000000008003e08        0x0 linker stubs

.iplt           0x0000000008003e08        0x0
 .iplt          0x0000000008003e08        0x0 /home/mdk/Ac6/SystemWorkbench/plugins/fr.ac6.mcu.externaltools.arm-none.linux64_1.15.0.201708311556/tools/compiler/bin/../lib/gcc/arm-none-eabi/6.3.1/thumb/v7e-m/fpv4-sp/hard/crtbegin.o

.rodata         0x0000000008003e08       0xc0
                0x0000000008003e08                . = ALIGN (0x4)
 *(.rodata)
 .rodata        0x0000000008003e08       0x18 Src/system_stm32f4xx.o
                0x0000000008003e08                AHBPrescTable
                0x0000000008003e18                APBPrescTable
 *(.rodata*)
 .rodata.str1.4
                0x0000000008003e20       0x1c Src/main.o
 .rodata.str1.4
                0x0000000008003e3c        0xd Src/tim.o
 *fill*         0x0000000008003e49        0x3 
 .rodata.str1.4
                0x0000000008003e4c        0xf Src/usart.o
 *fill*         0x0000000008003e5b        0x1 
 .rodata.str1.4
                0x0000000008003e5c       0x13 Src/usbd_conf.o
 *fill*         0x0000000008003e6f        0x1 
 .rodata.str1.4
                0x0000000008003e70       0x58 Src/usbd_desc.o
                                         0x56 (size before relaxing)
                0x0000000008003ec8                . = ALIGN (0x4)

.ARM.extab
 *(.ARM.extab* .gnu.linkonce.armextab.*)

.ARM            0x0000000008003ec8        0x8
                0x0000000008003ec8                __exidx_start = .
 *(.ARM.exidx*)
 .ARM.exidx     0x0000000008003ec8        0x8 /home/mdk/Ac6/SystemWorkbench/plugins/fr.ac6.mcu.externaltools.arm-none.linux64_1.15.0.201708311556/tools/compiler/bin/../lib/gcc/arm-none-eabi/6.3.1/thumb/v7e-m/fpv4-sp/hard/libgcc.a(_udivmoddi4.o)
                0x0000000008003ed0                __exidx_end = .

.rel.dyn        0x0000000008003ed0        0x0
 .rel.iplt      0x0000000008003ed0        0x0 /home/mdk/Ac6/SystemWorkbench/plugins/fr.ac6.mcu.externaltools.arm-none.linux64_1.15.0.201708311556/tools/compiler/bin/../lib/gcc/arm-none-eabi/6.3.1/thumb/v7e-m/fpv4-sp/hard/crtbegin.o

.preinit_array  0x0000000008003ed0        0x0
                0x0000000008003ed0                PROVIDE (__preinit_array_start, .)
 *(.preinit_array*)
                0x0000000008003ed0                PROVIDE (__preinit_array_end, .)

.init_array     0x0000000008003ed0        0x4
                0x0000000008003ed0                PROVIDE (__init_array_start, .)
 *(SORT(.init_array.*))
 *(.init_array*)
 .init_array    0x0000000008003ed0        0x4 /home/mdk/Ac6/SystemWorkbench/plugins/fr.ac6.mcu.externaltools.arm-none.linux64_1.15.0.201708311556/tools/compiler/bin/../lib/gcc/arm-none-eabi/6.3.1/thumb/v7e-m/fpv4-sp/hard/crtbegin.o
                0x0000000008003ed4                PROVIDE (__init_array_end, .)

.fini_array     0x0000000008003ed4        0x4
                [!provide]                        PROVIDE (__fini_array_start, .)
 *(SORT(.fini_array.*))
 *(.fini_array*)
 .fini_array    0x0000000008003ed4        0x4 /home/mdk/Ac6/SystemWorkbench/plugins/fr.ac6.mcu.externaltools.arm-none.linux64_1.15.0.201708311556/tools/compiler/bin/../lib/gcc/arm-none-eabi/6.3.1/thumb/v7e-m/fpv4-sp/hard/crtbegin.o
                [!provide]                        PROVIDE (__fini_array_end, .)
                0x0000000008003ed8                _sidata = LOADADDR (.data)

.data           0x0000000020000000      0x1c4 load address 0x0000000008003ed8
                0x0000000020000000                . = ALIGN (0x4)
                0x0000000020000000                _sdata = .
 *(.data)
 .data          0x0000000020000000        0x8 Drivers/STM32F4xx_HAL_Driver/Src/stm32f4xx_hal.o
                0x0000000020000000                uwTickFreq
                0x0000000020000004                uwTickPrio
 .data          0x0000000020000008      0x110 Middlewares/ST/STM32_USB_Device_Library/Class/CDC/Src/usbd_cdc.o
                0x0000000020000008                USBD_CDC_CfgFSDesc
                0x000000002000004c                USBD_CDC_CfgHSDesc
                0x0000000020000090                USBD_CDC_OtherSpeedCfgDesc
                0x00000000200000e0                USBD_CDC
 .data          0x0000000020000118        0x4 Src/system_stm32f4xx.o
                0x0000000020000118                SystemCoreClock
 .data          0x000000002000011c       0x10 Src/usbd_cdc_if.o
                0x000000002000011c                USBD_Interface_fops_FS
 .data          0x000000002000012c       0x34 Src/usbd_desc.o
                0x000000002000012c                USBD_FS_DeviceDesc
                0x0000000020000140                USBD_LangIDDesc
                0x0000000020000144                FS_Desc
 *(.data*)
 .data._impure_ptr
                0x0000000020000160        0x4 /home/mdk/Ac6/SystemWorkbench/plugins/fr.ac6.mcu.externaltools.arm-none.linux64_1.15.0.201708311556/tools/compiler/bin/../lib/gcc/arm-none-eabi/6.3.1/../../../../arm-none-eabi/lib/thumb/v7e-m/fpv4-sp/hard/libc_nano.a(lib_a-impure.o)
                0x0000000020000160                _impure_ptr
 .data.impure_data
                0x0000000020000164       0x60 /home/mdk/Ac6/SystemWorkbench/plugins/fr.ac6.mcu.externaltools.arm-none.linux64_1.15.0.201708311556/tools/compiler/bin/../lib/gcc/arm-none-eabi/6.3.1/../../../../arm-none-eabi/lib/thumb/v7e-m/fpv4-sp/hard/libc_nano.a(lib_a-impure.o)
                0x00000000200001c4                . = ALIGN (0x4)
                0x00000000200001c4                _edata = .

.jcr            0x00000000200001c4        0x0 load address 0x000000000800409c
 .jcr           0x00000000200001c4        0x0 /home/mdk/Ac6/SystemWorkbench/plugins/fr.ac6.mcu.externaltools.arm-none.linux64_1.15.0.201708311556/tools/compiler/bin/../lib/gcc/arm-none-eabi/6.3.1/thumb/v7e-m/fpv4-sp/hard/crtbegin.o

.igot.plt       0x00000000200001c4        0x0 load address 0x000000000800409c
 .igot.plt      0x00000000200001c4        0x0 /home/mdk/Ac6/SystemWorkbench/plugins/fr.ac6.mcu.externaltools.arm-none.linux64_1.15.0.201708311556/tools/compiler/bin/../lib/gcc/arm-none-eabi/6.3.1/thumb/v7e-m/fpv4-sp/hard/crtbegin.o
                0x00000000200001c4                . = ALIGN (0x4)

.bss            0x00000000200001c4     0x18c4 load address 0x000000000800409c
                0x00000000200001c4                _sbss = .
                0x00000000200001c4                __bss_start__ = _sbss
 *(.bss)
 .bss           0x00000000200001c4       0x1c /home/mdk/Ac6/SystemWorkbench/plugins/fr.ac6.mcu.externaltools.arm-none.linux64_1.15.0.201708311556/tools/compiler/bin/../lib/gcc/arm-none-eabi/6.3.1/thumb/v7e-m/fpv4-sp/hard/crtbegin.o
 .bss           0x00000000200001e0        0x1 Middlewares/ST/STM32_USB_Device_Library/Class/CDC/Src/usbd_cdc.o
 .bss           0x00000000200001e1        0x1 Middlewares/ST/STM32_USB_Device_Library/Core/Src/usbd_ctlreq.o
 *(.bss*)
 *fill*         0x00000000200001e2        0x2 
 .bss.__malloc_free_list
                0x00000000200001e4        0x4 /home/mdk/Ac6/SystemWorkbench/plugins/fr.ac6.mcu.externaltools.arm-none.linux64_1.15.0.201708311556/tools/compiler/bin/../lib/gcc/arm-none-eabi/6.3.1/../../../../arm-none-eabi/lib/thumb/v7e-m/fpv4-sp/hard/libc_nano.a(lib_a-nano-mallocr.o)
                0x00000000200001e4                __malloc_free_list
 .bss.__malloc_sbrk_start
                0x00000000200001e8        0x4 /home/mdk/Ac6/SystemWorkbench/plugins/fr.ac6.mcu.externaltools.arm-none.linux64_1.15.0.201708311556/tools/compiler/bin/../lib/gcc/arm-none-eabi/6.3.1/../../../../arm-none-eabi/lib/thumb/v7e-m/fpv4-sp/hard/libc_nano.a(lib_a-nano-mallocr.o)
                0x00000000200001e8                __malloc_sbrk_start
 .bss.heap_end.5239
                0x00000000200001ec        0x4 /home/mdk/Ac6/SystemWorkbench/plugins/fr.ac6.mcu.externaltools.arm-none.linux64_1.15.0.201708311556/tools/compiler/bin/../lib/gcc/arm-none-eabi/6.3.1/../../../../arm-none-eabi/lib/thumb/v7e-m/fpv4-sp/hard/libnosys.a(sbrk.o)
 *(COMMON)
 COMMON         0x00000000200001f0        0x4 Drivers/STM32F4xx_HAL_Driver/Src/stm32f4xx_hal.o
                0x00000000200001f0                uwTick
 COMMON         0x00000000200001f4       0x3c Src/tim.o
                0x00000000200001f4                htim2
 COMMON         0x0000000020000230       0x40 Src/usart.o
                0x0000000020000230                huart2
 COMMON         0x0000000020000270      0x224 Src/usb_device.o
                0x0000000020000270                hUsbDeviceFS
 COMMON         0x0000000020000494     0x1000 Src/usbd_cdc_if.o
                0x0000000020000494                UserRxBufferFS
                0x0000000020000c94                UserTxBufferFS
 COMMON         0x0000000020001494      0x3f0 Src/usbd_conf.o
                0x0000000020001494                hpcd_USB_OTG_FS
 COMMON         0x0000000020001884      0x200 Src/usbd_desc.o
                0x0000000020001884                USBD_StrDesc
 COMMON         0x0000000020001a84        0x4 /home/mdk/Ac6/SystemWorkbench/plugins/fr.ac6.mcu.externaltools.arm-none.linux64_1.15.0.201708311556/tools/compiler/bin/../lib/gcc/arm-none-eabi/6.3.1/../../../../arm-none-eabi/lib/thumb/v7e-m/fpv4-sp/hard/libc_nano.a(lib_a-reent.o)
                0x0000000020001a84                errno
                0x0000000020001a88                . = ALIGN (0x4)
                0x0000000020001a88                _ebss = .
                0x0000000020001a88                __bss_end__ = _ebss

._user_heap_stack
                0x0000000020001a88      0x600 load address 0x000000000800409c
                0x0000000020001a88                . = ALIGN (0x8)
                0x0000000020001a88                PROVIDE (end, .)
                [!provide]                        PROVIDE (_end, .)
                0x0000000020001c88                . = (. + _Min_Heap_Size)
 *fill*         0x0000000020001a88      0x200 
                0x0000000020002088                . = (. + _Min_Stack_Size)
 *fill*         0x0000000020001c88      0x400 
                0x0000000020002088                . = ALIGN (0x8)

/DISCARD/
 libc.a(*)
 libm.a(*)
 libgcc.a(*)

.ARM.attributes
                0x0000000000000000       0x30
 *(.ARM.attributes)
 .ARM.attributes
                0x0000000000000000       0x22 /home/mdk/Ac6/SystemWorkbench/plugins/fr.ac6.mcu.externaltools.arm-none.linux64_1.15.0.201708311556/tools/compiler/bin/../lib/gcc/arm-none-eabi/6.3.1/thumb/v7e-m/fpv4-sp/hard/crti.o
 .ARM.attributes
                0x0000000000000022       0x34 /home/mdk/Ac6/SystemWorkbench/plugins/fr.ac6.mcu.externaltools.arm-none.linux64_1.15.0.201708311556/tools/compiler/bin/../lib/gcc/arm-none-eabi/6.3.1/thumb/v7e-m/fpv4-sp/hard/crtbegin.o
 .ARM.attributes
                0x0000000000000056       0x39 Drivers/STM32F4xx_HAL_Driver/Src/stm32f4xx_hal.o
 .ARM.attributes
                0x000000000000008f       0x39 Drivers/STM32F4xx_HAL_Driver/Src/stm32f4xx_hal_cortex.o
 .ARM.attributes
                0x00000000000000c8       0x39 Drivers/STM32F4xx_HAL_Driver/Src/stm32f4xx_hal_gpio.o
 .ARM.attributes
                0x0000000000000101       0x39 Drivers/STM32F4xx_HAL_Driver/Src/stm32f4xx_hal_pcd.o
 .ARM.attributes
                0x000000000000013a       0x39 Drivers/STM32F4xx_HAL_Driver/Src/stm32f4xx_hal_pcd_ex.o
 .ARM.attributes
                0x0000000000000173       0x39 Drivers/STM32F4xx_HAL_Driver/Src/stm32f4xx_hal_rcc.o
 .ARM.attributes
                0x00000000000001ac       0x39 Drivers/STM32F4xx_HAL_Driver/Src/stm32f4xx_hal_tim.o
 .ARM.attributes
                0x00000000000001e5       0x39 Drivers/STM32F4xx_HAL_Driver/Src/stm32f4xx_hal_tim_ex.o
 .ARM.attributes
                0x000000000000021e       0x39 Drivers/STM32F4xx_HAL_Driver/Src/stm32f4xx_hal_uart.o
 .ARM.attributes
                0x0000000000000257       0x39 Drivers/STM32F4xx_HAL_Driver/Src/stm32f4xx_ll_usb.o
 .ARM.attributes
                0x0000000000000290       0x39 Middlewares/ST/STM32_USB_Device_Library/Class/CDC/Src/usbd_cdc.o
 .ARM.attributes
                0x00000000000002c9       0x39 Middlewares/ST/STM32_USB_Device_Library/Core/Src/usbd_core.o
 .ARM.attributes
                0x0000000000000302       0x39 Middlewares/ST/STM32_USB_Device_Library/Core/Src/usbd_ctlreq.o
 .ARM.attributes
                0x000000000000033b       0x39 Middlewares/ST/STM32_USB_Device_Library/Core/Src/usbd_ioreq.o
 .ARM.attributes
                0x0000000000000374       0x39 Src/gpio.o
 .ARM.attributes
                0x00000000000003ad       0x39 Src/main.o
 .ARM.attributes
                0x00000000000003e6       0x39 Src/stm32f4xx_hal_msp.o
 .ARM.attributes
                0x000000000000041f       0x39 Src/stm32f4xx_it.o
 .ARM.attributes
                0x0000000000000458       0x39 Src/system_stm32f4xx.o
 .ARM.attributes
                0x0000000000000491       0x39 Src/tim.o
 .ARM.attributes
                0x00000000000004ca       0x39 Src/usart.o
 .ARM.attributes
                0x0000000000000503       0x39 Src/usb_device.o
 .ARM.attributes
                0x000000000000053c       0x39 Src/usbd_cdc_if.o
 .ARM.attributes
                0x0000000000000575       0x39 Src/usbd_conf.o
 .ARM.attributes
                0x00000000000005ae       0x39 Src/usbd_desc.o
 .ARM.attributes
                0x00000000000005e7       0x21 startup/startup_stm32f401xe.o
 .ARM.attributes
                0x0000000000000608       0x22 /home/mdk/Ac6/SystemWorkbench/plugins/fr.ac6.mcu.externaltools.arm-none.linux64_1.15.0.201708311556/tools/compiler/bin/../lib/gcc/arm-none-eabi/6.3.1/thumb/v7e-m/fpv4-sp/hard/libgcc.a(_aeabi_uldivmod.o)
 .ARM.attributes
                0x000000000000062a       0x34 /home/mdk/Ac6/SystemWorkbench/plugins/fr.ac6.mcu.externaltools.arm-none.linux64_1.15.0.201708311556/tools/compiler/bin/../lib/gcc/arm-none-eabi/6.3.1/thumb/v7e-m/fpv4-sp/hard/libgcc.a(_udivmoddi4.o)
 .ARM.attributes
                0x000000000000065e       0x22 /home/mdk/Ac6/SystemWorkbench/plugins/fr.ac6.mcu.externaltools.arm-none.linux64_1.15.0.201708311556/tools/compiler/bin/../lib/gcc/arm-none-eabi/6.3.1/thumb/v7e-m/fpv4-sp/hard/libgcc.a(_dvmd_tls.o)
 .ARM.attributes
                0x0000000000000680       0x34 /home/mdk/Ac6/SystemWorkbench/plugins/fr.ac6.mcu.externaltools.arm-none.linux64_1.15.0.201708311556/tools/compiler/bin/../lib/gcc/arm-none-eabi/6.3.1/../../../../arm-none-eabi/lib/thumb/v7e-m/fpv4-sp/hard/libc_nano.a(lib_a-impure.o)
 .ARM.attributes
                0x00000000000006b4       0x34 /home/mdk/Ac6/SystemWorkbench/plugins/fr.ac6.mcu.externaltools.arm-none.linux64_1.15.0.201708311556/tools/compiler/bin/../lib/gcc/arm-none-eabi/6.3.1/../../../../arm-none-eabi/lib/thumb/v7e-m/fpv4-sp/hard/libc_nano.a(lib_a-init.o)
 .ARM.attributes
                0x00000000000006e8       0x34 /home/mdk/Ac6/SystemWorkbench/plugins/fr.ac6.mcu.externaltools.arm-none.linux64_1.15.0.201708311556/tools/compiler/bin/../lib/gcc/arm-none-eabi/6.3.1/../../../../arm-none-eabi/lib/thumb/v7e-m/fpv4-sp/hard/libc_nano.a(lib_a-malloc.o)
 .ARM.attributes
                0x000000000000071c       0x34 /home/mdk/Ac6/SystemWorkbench/plugins/fr.ac6.mcu.externaltools.arm-none.linux64_1.15.0.201708311556/tools/compiler/bin/../lib/gcc/arm-none-eabi/6.3.1/../../../../arm-none-eabi/lib/thumb/v7e-m/fpv4-sp/hard/libc_nano.a(lib_a-nano-freer.o)
 .ARM.attributes
                0x0000000000000750       0x34 /home/mdk/Ac6/SystemWorkbench/plugins/fr.ac6.mcu.externaltools.arm-none.linux64_1.15.0.201708311556/tools/compiler/bin/../lib/gcc/arm-none-eabi/6.3.1/../../../../arm-none-eabi/lib/thumb/v7e-m/fpv4-sp/hard/libc_nano.a(lib_a-nano-mallocr.o)
 .ARM.attributes
                0x0000000000000784       0x34 /home/mdk/Ac6/SystemWorkbench/plugins/fr.ac6.mcu.externaltools.arm-none.linux64_1.15.0.201708311556/tools/compiler/bin/../lib/gcc/arm-none-eabi/6.3.1/../../../../arm-none-eabi/lib/thumb/v7e-m/fpv4-sp/hard/libc_nano.a(lib_a-sbrkr.o)
 .ARM.attributes
                0x00000000000007b8       0x34 /home/mdk/Ac6/SystemWorkbench/plugins/fr.ac6.mcu.externaltools.arm-none.linux64_1.15.0.201708311556/tools/compiler/bin/../lib/gcc/arm-none-eabi/6.3.1/../../../../arm-none-eabi/lib/thumb/v7e-m/fpv4-sp/hard/libc_nano.a(lib_a-mlock.o)
 .ARM.attributes
                0x00000000000007ec       0x34 /home/mdk/Ac6/SystemWorkbench/plugins/fr.ac6.mcu.externaltools.arm-none.linux64_1.15.0.201708311556/tools/compiler/bin/../lib/gcc/arm-none-eabi/6.3.1/../../../../arm-none-eabi/lib/thumb/v7e-m/fpv4-sp/hard/libc_nano.a(lib_a-reent.o)
 .ARM.attributes
                0x0000000000000820       0x34 /home/mdk/Ac6/SystemWorkbench/plugins/fr.ac6.mcu.externaltools.arm-none.linux64_1.15.0.201708311556/tools/compiler/bin/../lib/gcc/arm-none-eabi/6.3.1/../../../../arm-none-eabi/lib/thumb/v7e-m/fpv4-sp/hard/libnosys.a(sbrk.o)
 .ARM.attributes
                0x0000000000000854       0x22 /home/mdk/Ac6/SystemWorkbench/plugins/fr.ac6.mcu.externaltools.arm-none.linux64_1.15.0.201708311556/tools/compiler/bin/../lib/gcc/arm-none-eabi/6.3.1/thumb/v7e-m/fpv4-sp/hard/crtn.o
OUTPUT(usb_control.elf elf32-littlearm)

.debug_info     0x0000000000000000    0x217cb
 .debug_info    0x0000000000000000     0x116a Drivers/STM32F4xx_HAL_Driver/Src/stm32f4xx_hal.o
 .debug_info    0x000000000000116a     0x16c4 Drivers/STM32F4xx_HAL_Driver/Src/stm32f4xx_hal_cortex.o
 .debug_info    0x000000000000282e      0xfbe Drivers/STM32F4xx_HAL_Driver/Src/stm32f4xx_hal_gpio.o
 .debug_info    0x00000000000037ec     0x1ca5 Drivers/STM32F4xx_HAL_Driver/Src/stm32f4xx_hal_pcd.o
 .debug_info    0x0000000000005491      0xdd9 Drivers/STM32F4xx_HAL_Driver/Src/stm32f4xx_hal_pcd_ex.o
 .debug_info    0x000000000000626a     0x1289 Drivers/STM32F4xx_HAL_Driver/Src/stm32f4xx_hal_rcc.o
 .debug_info    0x00000000000074f3     0x367c Drivers/STM32F4xx_HAL_Driver/Src/stm32f4xx_hal_tim.o
 .debug_info    0x000000000000ab6f     0x1b1e Drivers/STM32F4xx_HAL_Driver/Src/stm32f4xx_hal_tim_ex.o
 .debug_info    0x000000000000c68d     0x1f15 Drivers/STM32F4xx_HAL_Driver/Src/stm32f4xx_hal_uart.o
 .debug_info    0x000000000000e5a2     0x1f1c Drivers/STM32F4xx_HAL_Driver/Src/stm32f4xx_ll_usb.o
 .debug_info    0x00000000000104be     0x158a Middlewares/ST/STM32_USB_Device_Library/Class/CDC/Src/usbd_cdc.o
 .debug_info    0x0000000000011a48     0x1490 Middlewares/ST/STM32_USB_Device_Library/Core/Src/usbd_core.o
 .debug_info    0x0000000000012ed8     0x1666 Middlewares/ST/STM32_USB_Device_Library/Core/Src/usbd_ctlreq.o
 .debug_info    0x000000000001453e      0xfd9 Middlewares/ST/STM32_USB_Device_Library/Core/Src/usbd_ioreq.o
 .debug_info    0x0000000000015517      0xb7f Src/gpio.o
 .debug_info    0x0000000000016096     0x1d21 Src/main.o
 .debug_info    0x0000000000017db7      0xbdf Src/stm32f4xx_hal_msp.o
 .debug_info    0x0000000000018996      0xe0d Src/stm32f4xx_it.o
 .debug_info    0x00000000000197a3      0xd5a Src/system_stm32f4xx.o
 .debug_info    0x000000000001a4fd     0x11dd Src/tim.o
 .debug_info    0x000000000001b6da     0x11b6 Src/usart.o
 .debug_info    0x000000000001c890      0xe91 Src/usb_device.o
 .debug_info    0x000000000001d721     0x10ae Src/usbd_cdc_if.o
 .debug_info    0x000000000001e7cf     0x2228 Src/usbd_conf.o
 .debug_info    0x00000000000209f7      0xd69 Src/usbd_desc.o
 .debug_info    0x0000000000021760       0x6b startup/startup_stm32f401xe.o

.debug_abbrev   0x0000000000000000     0x42d4
 .debug_abbrev  0x0000000000000000      0x2e3 Drivers/STM32F4xx_HAL_Driver/Src/stm32f4xx_hal.o
 .debug_abbrev  0x00000000000002e3      0x3d4 Drivers/STM32F4xx_HAL_Driver/Src/stm32f4xx_hal_cortex.o
 .debug_abbrev  0x00000000000006b7      0x2a5 Drivers/STM32F4xx_HAL_Driver/Src/stm32f4xx_hal_gpio.o
 .debug_abbrev  0x000000000000095c      0x336 Drivers/STM32F4xx_HAL_Driver/Src/stm32f4xx_hal_pcd.o
 .debug_abbrev  0x0000000000000c92      0x24c Drivers/STM32F4xx_HAL_Driver/Src/stm32f4xx_hal_pcd_ex.o
 .debug_abbrev  0x0000000000000ede      0x331 Drivers/STM32F4xx_HAL_Driver/Src/stm32f4xx_hal_rcc.o
 .debug_abbrev  0x000000000000120f      0x2dc Drivers/STM32F4xx_HAL_Driver/Src/stm32f4xx_hal_tim.o
 .debug_abbrev  0x00000000000014eb      0x2dc Drivers/STM32F4xx_HAL_Driver/Src/stm32f4xx_hal_tim_ex.o
 .debug_abbrev  0x00000000000017c7      0x342 Drivers/STM32F4xx_HAL_Driver/Src/stm32f4xx_hal_uart.o
 .debug_abbrev  0x0000000000001b09      0x304 Drivers/STM32F4xx_HAL_Driver/Src/stm32f4xx_ll_usb.o
 .debug_abbrev  0x0000000000001e0d      0x312 Middlewares/ST/STM32_USB_Device_Library/Class/CDC/Src/usbd_cdc.o
 .debug_abbrev  0x000000000000211f      0x2c6 Middlewares/ST/STM32_USB_Device_Library/Core/Src/usbd_core.o
 .debug_abbrev  0x00000000000023e5      0x327 Middlewares/ST/STM32_USB_Device_Library/Core/Src/usbd_ctlreq.o
 .debug_abbrev  0x000000000000270c      0x213 Middlewares/ST/STM32_USB_Device_Library/Core/Src/usbd_ioreq.o
 .debug_abbrev  0x000000000000291f      0x1e3 Src/gpio.o
 .debug_abbrev  0x0000000000002b02      0x2a0 Src/main.o
 .debug_abbrev  0x0000000000002da2      0x209 Src/stm32f4xx_hal_msp.o
 .debug_abbrev  0x0000000000002fab      0x239 Src/stm32f4xx_it.o
 .debug_abbrev  0x00000000000031e4      0x205 Src/system_stm32f4xx.o
 .debug_abbrev  0x00000000000033e9      0x263 Src/tim.o
 .debug_abbrev  0x000000000000364c      0x256 Src/usart.o
 .debug_abbrev  0x00000000000038a2      0x216 Src/usb_device.o
 .debug_abbrev  0x0000000000003ab8      0x2c7 Src/usbd_cdc_if.o
 .debug_abbrev  0x0000000000003d7f      0x2eb Src/usbd_conf.o
 .debug_abbrev  0x000000000000406a      0x258 Src/usbd_desc.o
 .debug_abbrev  0x00000000000042c2       0x12 startup/startup_stm32f401xe.o

.debug_loc      0x0000000000000000     0xb4e2
 .debug_loc     0x0000000000000000      0x108 Drivers/STM32F4xx_HAL_Driver/Src/stm32f4xx_hal.o
 .debug_loc     0x0000000000000108      0x5ce Drivers/STM32F4xx_HAL_Driver/Src/stm32f4xx_hal_cortex.o
 .debug_loc     0x00000000000006d6      0x430 Drivers/STM32F4xx_HAL_Driver/Src/stm32f4xx_hal_gpio.o
 .debug_loc     0x0000000000000b06      0xc84 Drivers/STM32F4xx_HAL_Driver/Src/stm32f4xx_hal_pcd.o
 .debug_loc     0x000000000000178a       0xb7 Drivers/STM32F4xx_HAL_Driver/Src/stm32f4xx_hal_pcd_ex.o
 .debug_loc     0x0000000000001841      0x3e6 Drivers/STM32F4xx_HAL_Driver/Src/stm32f4xx_hal_rcc.o
 .debug_loc     0x0000000000001c27     0x34bc Drivers/STM32F4xx_HAL_Driver/Src/stm32f4xx_hal_tim.o
 .debug_loc     0x00000000000050e3      0xe78 Drivers/STM32F4xx_HAL_Driver/Src/stm32f4xx_hal_tim_ex.o
 .debug_loc     0x0000000000005f5b     0x1532 Drivers/STM32F4xx_HAL_Driver/Src/stm32f4xx_hal_uart.o
 .debug_loc     0x000000000000748d     0x1582 Drivers/STM32F4xx_HAL_Driver/Src/stm32f4xx_ll_usb.o
 .debug_loc     0x0000000000008a0f      0x4b9 Middlewares/ST/STM32_USB_Device_Library/Class/CDC/Src/usbd_cdc.o
 .debug_loc     0x0000000000008ec8      0x71c Middlewares/ST/STM32_USB_Device_Library/Core/Src/usbd_core.o
 .debug_loc     0x00000000000095e4      0xb78 Middlewares/ST/STM32_USB_Device_Library/Core/Src/usbd_ctlreq.o
 .debug_loc     0x000000000000a15c      0x23c Middlewares/ST/STM32_USB_Device_Library/Core/Src/usbd_ioreq.o
 .debug_loc     0x000000000000a398      0x13e Src/system_stm32f4xx.o
 .debug_loc     0x000000000000a4d6       0x5b Src/usart.o
 .debug_loc     0x000000000000a531      0x113 Src/usbd_cdc_if.o
 .debug_loc     0x000000000000a644      0xbe7 Src/usbd_conf.o
 .debug_loc     0x000000000000b22b      0x2b7 Src/usbd_desc.o

.debug_aranges  0x0000000000000000     0x10f8
 .debug_aranges
                0x0000000000000000       0xe0 Drivers/STM32F4xx_HAL_Driver/Src/stm32f4xx_hal.o
 .debug_aranges
                0x00000000000000e0       0xa8 Drivers/STM32F4xx_HAL_Driver/Src/stm32f4xx_hal_cortex.o
 .debug_aranges
                0x0000000000000188       0x58 Drivers/STM32F4xx_HAL_Driver/Src/stm32f4xx_hal_gpio.o
 .debug_aranges
                0x00000000000001e0      0x120 Drivers/STM32F4xx_HAL_Driver/Src/stm32f4xx_hal_pcd.o
 .debug_aranges
                0x0000000000000300       0x28 Drivers/STM32F4xx_HAL_Driver/Src/stm32f4xx_hal_pcd_ex.o
 .debug_aranges
                0x0000000000000328       0x88 Drivers/STM32F4xx_HAL_Driver/Src/stm32f4xx_hal_rcc.o
 .debug_aranges
                0x00000000000003b0      0x368 Drivers/STM32F4xx_HAL_Driver/Src/stm32f4xx_hal_tim.o
 .debug_aranges
                0x0000000000000718      0x140 Drivers/STM32F4xx_HAL_Driver/Src/stm32f4xx_hal_tim_ex.o
 .debug_aranges
                0x0000000000000858      0x1d0 Drivers/STM32F4xx_HAL_Driver/Src/stm32f4xx_hal_uart.o
 .debug_aranges
                0x0000000000000a28      0x180 Drivers/STM32F4xx_HAL_Driver/Src/stm32f4xx_ll_usb.o
 .debug_aranges
                0x0000000000000ba8       0x90 Middlewares/ST/STM32_USB_Device_Library/Class/CDC/Src/usbd_cdc.o
 .debug_aranges
                0x0000000000000c38       0xb8 Middlewares/ST/STM32_USB_Device_Library/Core/Src/usbd_core.o
 .debug_aranges
                0x0000000000000cf0       0x88 Middlewares/ST/STM32_USB_Device_Library/Core/Src/usbd_ctlreq.o
 .debug_aranges
                0x0000000000000d78       0x50 Middlewares/ST/STM32_USB_Device_Library/Core/Src/usbd_ioreq.o
 .debug_aranges
                0x0000000000000dc8       0x20 Src/gpio.o
 .debug_aranges
                0x0000000000000de8       0x30 Src/main.o
 .debug_aranges
                0x0000000000000e18       0x20 Src/stm32f4xx_hal_msp.o
 .debug_aranges
                0x0000000000000e38       0x68 Src/stm32f4xx_it.o
 .debug_aranges
                0x0000000000000ea0       0x28 Src/system_stm32f4xx.o
 .debug_aranges
                0x0000000000000ec8       0x30 Src/tim.o
 .debug_aranges
                0x0000000000000ef8       0x30 Src/usart.o
 .debug_aranges
                0x0000000000000f28       0x20 Src/usb_device.o
 .debug_aranges
                0x0000000000000f48       0x40 Src/usbd_cdc_if.o
 .debug_aranges
                0x0000000000000f88       0xf8 Src/usbd_conf.o
 .debug_aranges
                0x0000000000001080       0x50 Src/usbd_desc.o
 .debug_aranges
                0x00000000000010d0       0x28 startup/startup_stm32f401xe.o

.debug_ranges   0x0000000000000000      0xfd8
 .debug_ranges  0x0000000000000000       0xd0 Drivers/STM32F4xx_HAL_Driver/Src/stm32f4xx_hal.o
 .debug_ranges  0x00000000000000d0       0xf8 Drivers/STM32F4xx_HAL_Driver/Src/stm32f4xx_hal_cortex.o
 .debug_ranges  0x00000000000001c8       0x48 Drivers/STM32F4xx_HAL_Driver/Src/stm32f4xx_hal_gpio.o
 .debug_ranges  0x0000000000000210      0x110 Drivers/STM32F4xx_HAL_Driver/Src/stm32f4xx_hal_pcd.o
 .debug_ranges  0x0000000000000320       0x18 Drivers/STM32F4xx_HAL_Driver/Src/stm32f4xx_hal_pcd_ex.o
 .debug_ranges  0x0000000000000338       0x90 Drivers/STM32F4xx_HAL_Driver/Src/stm32f4xx_hal_rcc.o
 .debug_ranges  0x00000000000003c8      0x358 Drivers/STM32F4xx_HAL_Driver/Src/stm32f4xx_hal_tim.o
 .debug_ranges  0x0000000000000720      0x130 Drivers/STM32F4xx_HAL_Driver/Src/stm32f4xx_hal_tim_ex.o
 .debug_ranges  0x0000000000000850      0x1c0 Drivers/STM32F4xx_HAL_Driver/Src/stm32f4xx_hal_uart.o
 .debug_ranges  0x0000000000000a10      0x170 Drivers/STM32F4xx_HAL_Driver/Src/stm32f4xx_ll_usb.o
 .debug_ranges  0x0000000000000b80       0x80 Middlewares/ST/STM32_USB_Device_Library/Class/CDC/Src/usbd_cdc.o
 .debug_ranges  0x0000000000000c00       0xa8 Middlewares/ST/STM32_USB_Device_Library/Core/Src/usbd_core.o
 .debug_ranges  0x0000000000000ca8       0x78 Middlewares/ST/STM32_USB_Device_Library/Core/Src/usbd_ctlreq.o
 .debug_ranges  0x0000000000000d20       0x40 Middlewares/ST/STM32_USB_Device_Library/Core/Src/usbd_ioreq.o
 .debug_ranges  0x0000000000000d60       0x10 Src/gpio.o
 .debug_ranges  0x0000000000000d70       0x20 Src/main.o
 .debug_ranges  0x0000000000000d90       0x10 Src/stm32f4xx_hal_msp.o
 .debug_ranges  0x0000000000000da0       0x58 Src/stm32f4xx_it.o
 .debug_ranges  0x0000000000000df8       0x18 Src/system_stm32f4xx.o
 .debug_ranges  0x0000000000000e10       0x20 Src/tim.o
 .debug_ranges  0x0000000000000e30       0x20 Src/usart.o
 .debug_ranges  0x0000000000000e50       0x10 Src/usb_device.o
 .debug_ranges  0x0000000000000e60       0x30 Src/usbd_cdc_if.o
 .debug_ranges  0x0000000000000e90       0xe8 Src/usbd_conf.o
 .debug_ranges  0x0000000000000f78       0x40 Src/usbd_desc.o
 .debug_ranges  0x0000000000000fb8       0x20 startup/startup_stm32f401xe.o

.debug_macro    0x0000000000000000    0x19fcf
 .debug_macro   0x0000000000000000      0x39c Drivers/STM32F4xx_HAL_Driver/Src/stm32f4xx_hal.o
 .debug_macro   0x000000000000039c      0x8bc Drivers/STM32F4xx_HAL_Driver/Src/stm32f4xx_hal.o
 .debug_macro   0x0000000000000c58       0x10 Drivers/STM32F4xx_HAL_Driver/Src/stm32f4xx_hal.o
 .debug_macro   0x0000000000000c68      0x186 Drivers/STM32F4xx_HAL_Driver/Src/stm32f4xx_hal.o
 .debug_macro   0x0000000000000dee       0x32 Drivers/STM32F4xx_HAL_Driver/Src/stm32f4xx_hal.o
 .debug_macro   0x0000000000000e20       0x28 Drivers/STM32F4xx_HAL_Driver/Src/stm32f4xx_hal.o
 .debug_macro   0x0000000000000e48       0x22 Drivers/STM32F4xx_HAL_Driver/Src/stm32f4xx_hal.o
 .debug_macro   0x0000000000000e6a       0x87 Drivers/STM32F4xx_HAL_Driver/Src/stm32f4xx_hal.o
 .debug_macro   0x0000000000000ef1       0x51 Drivers/STM32F4xx_HAL_Driver/Src/stm32f4xx_hal.o
 .debug_macro   0x0000000000000f42       0xef Drivers/STM32F4xx_HAL_Driver/Src/stm32f4xx_hal.o
 .debug_macro   0x0000000000001031       0x6a Drivers/STM32F4xx_HAL_Driver/Src/stm32f4xx_hal.o
 .debug_macro   0x000000000000109b      0x1df Drivers/STM32F4xx_HAL_Driver/Src/stm32f4xx_hal.o
 .debug_macro   0x000000000000127a       0x35 Drivers/STM32F4xx_HAL_Driver/Src/stm32f4xx_hal.o
 .debug_macro   0x00000000000012af       0x50 Drivers/STM32F4xx_HAL_Driver/Src/stm32f4xx_hal.o
 .debug_macro   0x00000000000012ff      0xe66 Drivers/STM32F4xx_HAL_Driver/Src/stm32f4xx_hal.o
 .debug_macro   0x0000000000002165     0xb71c Drivers/STM32F4xx_HAL_Driver/Src/stm32f4xx_hal.o
 .debug_macro   0x000000000000d881       0x43 Drivers/STM32F4xx_HAL_Driver/Src/stm32f4xx_hal.o
 .debug_macro   0x000000000000d8c4     0x3535 Drivers/STM32F4xx_HAL_Driver/Src/stm32f4xx_hal.o
 .debug_macro   0x0000000000010df9       0x58 Drivers/STM32F4xx_HAL_Driver/Src/stm32f4xx_hal.o
 .debug_macro   0x0000000000010e51       0x35 Drivers/STM32F4xx_HAL_Driver/Src/stm32f4xx_hal.o
 .debug_macro   0x0000000000010e86       0x9c Drivers/STM32F4xx_HAL_Driver/Src/stm32f4xx_hal.o
 .debug_macro   0x0000000000010f22       0x16 Drivers/STM32F4xx_HAL_Driver/Src/stm32f4xx_hal.o
 .debug_macro   0x0000000000010f38       0x97 Drivers/STM32F4xx_HAL_Driver/Src/stm32f4xx_hal.o
 .debug_macro   0x0000000000010fcf      0x330 Drivers/STM32F4xx_HAL_Driver/Src/stm32f4xx_hal.o
 .debug_macro   0x00000000000112ff       0xfd Drivers/STM32F4xx_HAL_Driver/Src/stm32f4xx_hal.o
 .debug_macro   0x00000000000113fc       0x10 Drivers/STM32F4xx_HAL_Driver/Src/stm32f4xx_hal.o
 .debug_macro   0x000000000001140c       0x58 Drivers/STM32F4xx_HAL_Driver/Src/stm32f4xx_hal.o
 .debug_macro   0x0000000000011464       0x1f Drivers/STM32F4xx_HAL_Driver/Src/stm32f4xx_hal.o
 .debug_macro   0x0000000000011483       0x43 Drivers/STM32F4xx_HAL_Driver/Src/stm32f4xx_hal.o
 .debug_macro   0x00000000000114c6       0x20 Drivers/STM32F4xx_HAL_Driver/Src/stm32f4xx_hal.o
 .debug_macro   0x00000000000114e6      0x187 Drivers/STM32F4xx_HAL_Driver/Src/stm32f4xx_hal.o
 .debug_macro   0x000000000001166d       0x10 Drivers/STM32F4xx_HAL_Driver/Src/stm32f4xx_hal.o
 .debug_macro   0x000000000001167d       0x1c Drivers/STM32F4xx_HAL_Driver/Src/stm32f4xx_hal.o
 .debug_macro   0x0000000000011699       0x52 Drivers/STM32F4xx_HAL_Driver/Src/stm32f4xx_hal.o
 .debug_macro   0x00000000000116eb       0x40 Drivers/STM32F4xx_HAL_Driver/Src/stm32f4xx_hal.o
 .debug_macro   0x000000000001172b       0x10 Drivers/STM32F4xx_HAL_Driver/Src/stm32f4xx_hal.o
 .debug_macro   0x000000000001173b       0x40 Drivers/STM32F4xx_HAL_Driver/Src/stm32f4xx_hal.o
 .debug_macro   0x000000000001177b       0xd7 Drivers/STM32F4xx_HAL_Driver/Src/stm32f4xx_hal.o
 .debug_macro   0x0000000000011852       0x16 Drivers/STM32F4xx_HAL_Driver/Src/stm32f4xx_hal.o
 .debug_macro   0x0000000000011868      0x18b Drivers/STM32F4xx_HAL_Driver/Src/stm32f4xx_hal.o
 .debug_macro   0x00000000000119f3       0x50 Drivers/STM32F4xx_HAL_Driver/Src/stm32f4xx_hal.o
 .debug_macro   0x0000000000011a43      0x416 Drivers/STM32F4xx_HAL_Driver/Src/stm32f4xx_hal.o
 .debug_macro   0x0000000000011e59      0xa02 Drivers/STM32F4xx_HAL_Driver/Src/stm32f4xx_hal.o
 .debug_macro   0x000000000001285b      0x11e Drivers/STM32F4xx_HAL_Driver/Src/stm32f4xx_hal.o
 .debug_macro   0x0000000000012979       0xf8 Drivers/STM32F4xx_HAL_Driver/Src/stm32f4xx_hal.o
 .debug_macro   0x0000000000012a71       0x27 Drivers/STM32F4xx_HAL_Driver/Src/stm32f4xx_hal.o
 .debug_macro   0x0000000000012a98      0x287 Drivers/STM32F4xx_HAL_Driver/Src/stm32f4xx_hal.o
 .debug_macro   0x0000000000012d1f       0x5f Drivers/STM32F4xx_HAL_Driver/Src/stm32f4xx_hal.o
 .debug_macro   0x0000000000012d7e      0x23a Drivers/STM32F4xx_HAL_Driver/Src/stm32f4xx_hal.o
 .debug_macro   0x0000000000012fb8      0x13a Drivers/STM32F4xx_HAL_Driver/Src/stm32f4xx_hal.o
 .debug_macro   0x00000000000130f2      0x264 Drivers/STM32F4xx_HAL_Driver/Src/stm32f4xx_hal.o
 .debug_macro   0x0000000000013356       0x2e Drivers/STM32F4xx_HAL_Driver/Src/stm32f4xx_hal.o
 .debug_macro   0x0000000000013384      0x11e Drivers/STM32F4xx_HAL_Driver/Src/stm32f4xx_hal.o
 .debug_macro   0x00000000000134a2       0x85 Drivers/STM32F4xx_HAL_Driver/Src/stm32f4xx_hal.o
 .debug_macro   0x0000000000013527       0x89 Drivers/STM32F4xx_HAL_Driver/Src/stm32f4xx_hal.o
 .debug_macro   0x00000000000135b0      0x6e0 Drivers/STM32F4xx_HAL_Driver/Src/stm32f4xx_hal.o
 .debug_macro   0x0000000000013c90       0x59 Drivers/STM32F4xx_HAL_Driver/Src/stm32f4xx_hal.o
 .debug_macro   0x0000000000013ce9      0x14d Drivers/STM32F4xx_HAL_Driver/Src/stm32f4xx_hal.o
 .debug_macro   0x0000000000013e36      0x287 Drivers/STM32F4xx_HAL_Driver/Src/stm32f4xx_hal.o
 .debug_macro   0x00000000000140bd      0x1df Drivers/STM32F4xx_HAL_Driver/Src/stm32f4xx_hal.o
 .debug_macro   0x000000000001429c      0x115 Drivers/STM32F4xx_HAL_Driver/Src/stm32f4xx_hal.o
 .debug_macro   0x00000000000143b1      0x12d Drivers/STM32F4xx_HAL_Driver/Src/stm32f4xx_hal.o
 .debug_macro   0x00000000000144de      0x33c Drivers/STM32F4xx_HAL_Driver/Src/stm32f4xx_hal_cortex.o
 .debug_macro   0x000000000001481a      0x374 Drivers/STM32F4xx_HAL_Driver/Src/stm32f4xx_hal_gpio.o
 .debug_macro   0x0000000000014b8e      0x348 Drivers/STM32F4xx_HAL_Driver/Src/stm32f4xx_hal_pcd.o
 .debug_macro   0x0000000000014ed6      0x33c Drivers/STM32F4xx_HAL_Driver/Src/stm32f4xx_hal_pcd_ex.o
 .debug_macro   0x0000000000015212      0x360 Drivers/STM32F4xx_HAL_Driver/Src/stm32f4xx_hal_rcc.o
 .debug_macro   0x0000000000015572      0x33c Drivers/STM32F4xx_HAL_Driver/Src/stm32f4xx_hal_tim.o
 .debug_macro   0x00000000000158ae      0x33c Drivers/STM32F4xx_HAL_Driver/Src/stm32f4xx_hal_tim_ex.o
 .debug_macro   0x0000000000015bea      0x33d Drivers/STM32F4xx_HAL_Driver/Src/stm32f4xx_hal_uart.o
 .debug_macro   0x0000000000015f27      0x343 Drivers/STM32F4xx_HAL_Driver/Src/stm32f4xx_ll_usb.o
 .debug_macro   0x000000000001626a      0x3f2 Middlewares/ST/STM32_USB_Device_Library/Class/CDC/Src/usbd_cdc.o
 .debug_macro   0x000000000001665c       0x52 Middlewares/ST/STM32_USB_Device_Library/Class/CDC/Src/usbd_cdc.o
 .debug_macro   0x00000000000166ae       0x8d Middlewares/ST/STM32_USB_Device_Library/Class/CDC/Src/usbd_cdc.o
 .debug_macro   0x000000000001673b       0x57 Middlewares/ST/STM32_USB_Device_Library/Class/CDC/Src/usbd_cdc.o
 .debug_macro   0x0000000000016792       0x16 Middlewares/ST/STM32_USB_Device_Library/Class/CDC/Src/usbd_cdc.o
 .debug_macro   0x00000000000167a8       0x35 Middlewares/ST/STM32_USB_Device_Library/Class/CDC/Src/usbd_cdc.o
 .debug_macro   0x00000000000167dd       0x16 Middlewares/ST/STM32_USB_Device_Library/Class/CDC/Src/usbd_cdc.o
 .debug_macro   0x00000000000167f3       0x29 Middlewares/ST/STM32_USB_Device_Library/Class/CDC/Src/usbd_cdc.o
 .debug_macro   0x000000000001681c       0x16 Middlewares/ST/STM32_USB_Device_Library/Class/CDC/Src/usbd_cdc.o
 .debug_macro   0x0000000000016832       0x71 Middlewares/ST/STM32_USB_Device_Library/Class/CDC/Src/usbd_cdc.o
 .debug_macro   0x00000000000168a3      0x1c3 Middlewares/ST/STM32_USB_Device_Library/Class/CDC/Src/usbd_cdc.o
 .debug_macro   0x0000000000016a66       0x83 Middlewares/ST/STM32_USB_Device_Library/Class/CDC/Src/usbd_cdc.o
 .debug_macro   0x0000000000016ae9      0x3cb Middlewares/ST/STM32_USB_Device_Library/Core/Src/usbd_core.o
 .debug_macro   0x0000000000016eb4      0x1c9 Middlewares/ST/STM32_USB_Device_Library/Core/Src/usbd_core.o
 .debug_macro   0x000000000001707d      0x3d5 Middlewares/ST/STM32_USB_Device_Library/Core/Src/usbd_ctlreq.o
 .debug_macro   0x0000000000017452      0x3d1 Middlewares/ST/STM32_USB_Device_Library/Core/Src/usbd_ioreq.o
 .debug_macro   0x0000000000017823      0x346 Src/gpio.o
 .debug_macro   0x0000000000017b69      0x420 Src/main.o
 .debug_macro   0x0000000000017f89      0x33c Src/stm32f4xx_hal_msp.o
 .debug_macro   0x00000000000182c5      0x346 Src/stm32f4xx_it.o
 .debug_macro   0x000000000001860b      0x342 Src/system_stm32f4xx.o
 .debug_macro   0x000000000001894d      0x346 Src/tim.o
 .debug_macro   0x0000000000018c93      0x350 Src/usart.o
 .debug_macro   0x0000000000018fe3      0x40c Src/usb_device.o
 .debug_macro   0x00000000000193ef      0x3f6 Src/usbd_cdc_if.o
 .debug_macro   0x00000000000197e5      0x3db Src/usbd_conf.o
 .debug_macro   0x0000000000019bc0      0x40f Src/usbd_desc.o

.debug_line     0x0000000000000000    0x10e1e
 .debug_line    0x0000000000000000      0x9cb Drivers/STM32F4xx_HAL_Driver/Src/stm32f4xx_hal.o
 .debug_line    0x00000000000009cb      0xa07 Drivers/STM32F4xx_HAL_Driver/Src/stm32f4xx_hal_cortex.o
 .debug_line    0x00000000000013d2      0x95d Drivers/STM32F4xx_HAL_Driver/Src/stm32f4xx_hal_gpio.o
 .debug_line    0x0000000000001d2f      0xcfa Drivers/STM32F4xx_HAL_Driver/Src/stm32f4xx_hal_pcd.o
 .debug_line    0x0000000000002a29      0x835 Drivers/STM32F4xx_HAL_Driver/Src/stm32f4xx_hal_pcd_ex.o
 .debug_line    0x000000000000325e      0xa55 Drivers/STM32F4xx_HAL_Driver/Src/stm32f4xx_hal_rcc.o
 .debug_line    0x0000000000003cb3     0x17c9 Drivers/STM32F4xx_HAL_Driver/Src/stm32f4xx_hal_tim.o
 .debug_line    0x000000000000547c      0xda7 Drivers/STM32F4xx_HAL_Driver/Src/stm32f4xx_hal_tim_ex.o
 .debug_line    0x0000000000006223     0x10f5 Drivers/STM32F4xx_HAL_Driver/Src/stm32f4xx_hal_uart.o
 .debug_line    0x0000000000007318      0xe57 Drivers/STM32F4xx_HAL_Driver/Src/stm32f4xx_ll_usb.o
 .debug_line    0x000000000000816f      0xadf Middlewares/ST/STM32_USB_Device_Library/Class/CDC/Src/usbd_cdc.o
 .debug_line    0x0000000000008c4e      0xae1 Middlewares/ST/STM32_USB_Device_Library/Core/Src/usbd_core.o
 .debug_line    0x000000000000972f      0xaf6 Middlewares/ST/STM32_USB_Device_Library/Core/Src/usbd_ctlreq.o
 .debug_line    0x000000000000a225      0x96c Middlewares/ST/STM32_USB_Device_Library/Core/Src/usbd_ioreq.o
 .debug_line    0x000000000000ab91      0x7ea Src/gpio.o
 .debug_line    0x000000000000b37b      0x9bf Src/main.o
 .debug_line    0x000000000000bd3a      0x7f0 Src/stm32f4xx_hal_msp.o
 .debug_line    0x000000000000c52a      0x889 Src/stm32f4xx_it.o
 .debug_line    0x000000000000cdb3      0x81b Src/system_stm32f4xx.o
 .debug_line    0x000000000000d5ce      0x821 Src/tim.o
 .debug_line    0x000000000000ddef      0x82c Src/usart.o
 .debug_line    0x000000000000e61b      0x961 Src/usb_device.o
 .debug_line    0x000000000000ef7c      0x990 Src/usbd_cdc_if.o
 .debug_line    0x000000000000f90c      0xb3e Src/usbd_conf.o
 .debug_line    0x000000000001044a      0x955 Src/usbd_desc.o
 .debug_line    0x0000000000010d9f       0x7f startup/startup_stm32f401xe.o

.debug_str      0x0000000000000000    0x89992
 .debug_str     0x0000000000000000    0x84955 Drivers/STM32F4xx_HAL_Driver/Src/stm32f4xx_hal.o
                                      0x84d2b (size before relaxing)
 .debug_str     0x0000000000084955      0x3ae Drivers/STM32F4xx_HAL_Driver/Src/stm32f4xx_hal_cortex.o
                                      0x84a5b (size before relaxing)
 .debug_str     0x0000000000084d03      0x28c Drivers/STM32F4xx_HAL_Driver/Src/stm32f4xx_hal_gpio.o
                                      0x84562 (size before relaxing)
 .debug_str     0x0000000000084f8f      0x9dc Drivers/STM32F4xx_HAL_Driver/Src/stm32f4xx_hal_pcd.o
                                      0x84be9 (size before relaxing)
 .debug_str     0x000000000008596b       0x4a Drivers/STM32F4xx_HAL_Driver/Src/stm32f4xx_hal_pcd_ex.o
                                      0x8451f (size before relaxing)
 .debug_str     0x00000000000859b5      0x370 Drivers/STM32F4xx_HAL_Driver/Src/stm32f4xx_hal_rcc.o
                                      0x8472c (size before relaxing)
 .debug_str     0x0000000000085d25     0x1081 Drivers/STM32F4xx_HAL_Driver/Src/stm32f4xx_hal_tim.o
                                      0x85358 (size before relaxing)
 .debug_str     0x0000000000086da6      0x4f4 Drivers/STM32F4xx_HAL_Driver/Src/stm32f4xx_hal_tim_ex.o
                                      0x84c18 (size before relaxing)
 .debug_str     0x000000000008729a      0x6e7 Drivers/STM32F4xx_HAL_Driver/Src/stm32f4xx_hal_uart.o
                                      0x84b95 (size before relaxing)
 .debug_str     0x0000000000087981      0x3d1 Drivers/STM32F4xx_HAL_Driver/Src/stm32f4xx_ll_usb.o
                                      0x84b50 (size before relaxing)
 .debug_str     0x0000000000087d52     0x126f Middlewares/ST/STM32_USB_Device_Library/Class/CDC/Src/usbd_cdc.o
                                      0x8551b (size before relaxing)
 .debug_str     0x0000000000088fc1      0x294 Middlewares/ST/STM32_USB_Device_Library/Core/Src/usbd_core.o
                                      0x851f4 (size before relaxing)
 .debug_str     0x0000000000089255      0x125 Middlewares/ST/STM32_USB_Device_Library/Core/Src/usbd_ctlreq.o
                                      0x8510e (size before relaxing)
 .debug_str     0x000000000008937a       0x51 Middlewares/ST/STM32_USB_Device_Library/Core/Src/usbd_ioreq.o
                                      0x8503b (size before relaxing)
 .debug_str     0x00000000000893cb       0x25 Src/gpio.o
                                      0x8428b (size before relaxing)
 .debug_str     0x00000000000893f0       0xea Src/main.o
                                      0x85f76 (size before relaxing)
 .debug_str     0x00000000000894da       0x1b Src/stm32f4xx_hal_msp.o
                                      0x84536 (size before relaxing)
 .debug_str     0x00000000000894f5       0xda Src/stm32f4xx_it.o
                                      0x8457b (size before relaxing)
 .debug_str     0x00000000000895cf       0x5a Src/system_stm32f4xx.o
                                      0x8431e (size before relaxing)
 .debug_str     0x0000000000089629       0x1c Src/tim.o
                                      0x84807 (size before relaxing)
 .debug_str     0x0000000000089645       0x1a Src/usart.o
                                      0x84798 (size before relaxing)
 .debug_str     0x000000000008965f       0x14 Src/usb_device.o
                                      0x852ab (size before relaxing)
 .debug_str     0x0000000000089673       0x97 Src/usbd_cdc_if.o
                                      0x853ac (size before relaxing)
 .debug_str     0x000000000008970a       0x51 Src/usbd_conf.o
                                      0x85cdb (size before relaxing)
 .debug_str     0x000000000008975b      0x237 Src/usbd_desc.o
                                      0x84eea (size before relaxing)

.comment        0x0000000000000000       0x7f
 .comment       0x0000000000000000       0x7f Drivers/STM32F4xx_HAL_Driver/Src/stm32f4xx_hal.o
                                         0x80 (size before relaxing)
 .comment       0x000000000000007f       0x80 Drivers/STM32F4xx_HAL_Driver/Src/stm32f4xx_hal_cortex.o
 .comment       0x000000000000007f       0x80 Drivers/STM32F4xx_HAL_Driver/Src/stm32f4xx_hal_gpio.o
 .comment       0x000000000000007f       0x80 Drivers/STM32F4xx_HAL_Driver/Src/stm32f4xx_hal_pcd.o
 .comment       0x000000000000007f       0x80 Drivers/STM32F4xx_HAL_Driver/Src/stm32f4xx_hal_pcd_ex.o
 .comment       0x000000000000007f       0x80 Drivers/STM32F4xx_HAL_Driver/Src/stm32f4xx_hal_rcc.o
 .comment       0x000000000000007f       0x80 Drivers/STM32F4xx_HAL_Driver/Src/stm32f4xx_hal_tim.o
 .comment       0x000000000000007f       0x80 Drivers/STM32F4xx_HAL_Driver/Src/stm32f4xx_hal_tim_ex.o
 .comment       0x000000000000007f       0x80 Drivers/STM32F4xx_HAL_Driver/Src/stm32f4xx_hal_uart.o
 .comment       0x000000000000007f       0x80 Drivers/STM32F4xx_HAL_Driver/Src/stm32f4xx_ll_usb.o
 .comment       0x000000000000007f       0x80 Middlewares/ST/STM32_USB_Device_Library/Class/CDC/Src/usbd_cdc.o
 .comment       0x000000000000007f       0x80 Middlewares/ST/STM32_USB_Device_Library/Core/Src/usbd_core.o
 .comment       0x000000000000007f       0x80 Middlewares/ST/STM32_USB_Device_Library/Core/Src/usbd_ctlreq.o
 .comment       0x000000000000007f       0x80 Middlewares/ST/STM32_USB_Device_Library/Core/Src/usbd_ioreq.o
 .comment       0x000000000000007f       0x80 Src/gpio.o
 .comment       0x000000000000007f       0x80 Src/main.o
 .comment       0x000000000000007f       0x80 Src/stm32f4xx_hal_msp.o
 .comment       0x000000000000007f       0x80 Src/stm32f4xx_it.o
 .comment       0x000000000000007f       0x80 Src/system_stm32f4xx.o
 .comment       0x000000000000007f       0x80 Src/tim.o
 .comment       0x000000000000007f       0x80 Src/usart.o
 .comment       0x000000000000007f       0x80 Src/usb_device.o
 .comment       0x000000000000007f       0x80 Src/usbd_cdc_if.o
 .comment       0x000000000000007f       0x80 Src/usbd_conf.o
 .comment       0x000000000000007f       0x80 Src/usbd_desc.o

.debug_frame    0x0000000000000000     0x2cec
 .debug_frame   0x0000000000000000      0x1cc Drivers/STM32F4xx_HAL_Driver/Src/stm32f4xx_hal.o
 .debug_frame   0x00000000000001cc      0x15c Drivers/STM32F4xx_HAL_Driver/Src/stm32f4xx_hal_cortex.o
 .debug_frame   0x0000000000000328       0xd0 Drivers/STM32F4xx_HAL_Driver/Src/stm32f4xx_hal_gpio.o
 .debug_frame   0x00000000000003f8      0x2e8 Drivers/STM32F4xx_HAL_Driver/Src/stm32f4xx_hal_pcd.o
 .debug_frame   0x00000000000006e0       0x3c Drivers/STM32F4xx_HAL_Driver/Src/stm32f4xx_hal_pcd_ex.o
 .debug_frame   0x000000000000071c      0x174 Drivers/STM32F4xx_HAL_Driver/Src/stm32f4xx_hal_rcc.o
 .debug_frame   0x0000000000000890      0x9e0 Drivers/STM32F4xx_HAL_Driver/Src/stm32f4xx_hal_tim.o
 .debug_frame   0x0000000000001270      0x384 Drivers/STM32F4xx_HAL_Driver/Src/stm32f4xx_hal_tim_ex.o
 .debug_frame   0x00000000000015f4      0x4e8 Drivers/STM32F4xx_HAL_Driver/Src/stm32f4xx_hal_uart.o
 .debug_frame   0x0000000000001adc      0x49c Drivers/STM32F4xx_HAL_Driver/Src/stm32f4xx_ll_usb.o